Archive member included to satisfy reference by file (symbol)

C:/ST/STM32CubeIDE_2.0.0/STM32CubeIDE/plugins/com.st.stm32cube.ide.mcu.externaltools.gnu-tools-for-stm32.13.3.rel1.win32_1.0.100.202509120712/tools/bin/../lib/gcc/arm-none-eabi/13.3.1/../../../../arm-none-eabi/lib/thumb/v7-m/nofp\libc_nano.a(libc_a-exit.o)
                              C:/ST/STM32CubeIDE_2.0.0/STM32CubeIDE/plugins/com.st.stm32cube.ide.mcu.externaltools.gnu-tools-for-stm32.13.3.rel1.win32_1.0.100.202509120712/tools/bin/../lib/gcc/arm-none-eabi/13.3.1/../../../../arm-none-eabi/lib/thumb/v7-m/nofp/crt0.o (exit)
C:/ST/STM32CubeIDE_2.0.0/STM32CubeIDE/plugins/com.st.stm32cube.ide.mcu.externaltools.gnu-tools-for-stm32.13.3.rel1.win32_1.0.100.202509120712/tools/bin/../lib/gcc/arm-none-eabi/13.3.1/../../../../arm-none-eabi/lib/thumb/v7-m/nofp\libc_nano.a(libc_a-findfp.o)
                              C:/ST/STM32CubeIDE_2.0.0/STM32CubeIDE/plugins/com.st.stm32cube.ide.mcu.externaltools.gnu-tools-for-stm32.13.3.rel1.win32_1.0.100.202509120712/tools/bin/../lib/gcc/arm-none-eabi/13.3.1/../../../../arm-none-eabi/lib/thumb/v7-m/nofp\libc_nano.a(libc_a-exit.o) (__stdio_exit_handler)
C:/ST/STM32CubeIDE_2.0.0/STM32CubeIDE/plugins/com.st.stm32cube.ide.mcu.externaltools.gnu-tools-for-stm32.13.3.rel1.win32_1.0.100.202509120712/tools/bin/../lib/gcc/arm-none-eabi/13.3.1/../../../../arm-none-eabi/lib/thumb/v7-m/nofp\libc_nano.a(libc_a-fwalk.o)
                              C:/ST/STM32CubeIDE_2.0.0/STM32CubeIDE/plugins/com.st.stm32cube.ide.mcu.externaltools.gnu-tools-for-stm32.13.3.rel1.win32_1.0.100.202509120712/tools/bin/../lib/gcc/arm-none-eabi/13.3.1/../../../../arm-none-eabi/lib/thumb/v7-m/nofp\libc_nano.a(libc_a-findfp.o) (_fwalk_sglue)
C:/ST/STM32CubeIDE_2.0.0/STM32CubeIDE/plugins/com.st.stm32cube.ide.mcu.externaltools.gnu-tools-for-stm32.13.3.rel1.win32_1.0.100.202509120712/tools/bin/../lib/gcc/arm-none-eabi/13.3.1/../../../../arm-none-eabi/lib/thumb/v7-m/nofp\libc_nano.a(libc_a-stdio.o)
                              C:/ST/STM32CubeIDE_2.0.0/STM32CubeIDE/plugins/com.st.stm32cube.ide.mcu.externaltools.gnu-tools-for-stm32.13.3.rel1.win32_1.0.100.202509120712/tools/bin/../lib/gcc/arm-none-eabi/13.3.1/../../../../arm-none-eabi/lib/thumb/v7-m/nofp\libc_nano.a(libc_a-findfp.o) (__sread)
C:/ST/STM32CubeIDE_2.0.0/STM32CubeIDE/plugins/com.st.stm32cube.ide.mcu.externaltools.gnu-tools-for-stm32.13.3.rel1.win32_1.0.100.202509120712/tools/bin/../lib/gcc/arm-none-eabi/13.3.1/../../../../arm-none-eabi/lib/thumb/v7-m/nofp\libc_nano.a(libc_a-memset.o)
                              C:/ST/STM32CubeIDE_2.0.0/STM32CubeIDE/plugins/com.st.stm32cube.ide.mcu.externaltools.gnu-tools-for-stm32.13.3.rel1.win32_1.0.100.202509120712/tools/bin/../lib/gcc/arm-none-eabi/13.3.1/../../../../arm-none-eabi/lib/thumb/v7-m/nofp/crt0.o (memset)
C:/ST/STM32CubeIDE_2.0.0/STM32CubeIDE/plugins/com.st.stm32cube.ide.mcu.externaltools.gnu-tools-for-stm32.13.3.rel1.win32_1.0.100.202509120712/tools/bin/../lib/gcc/arm-none-eabi/13.3.1/../../../../arm-none-eabi/lib/thumb/v7-m/nofp\libc_nano.a(libc_a-closer.o)
                              C:/ST/STM32CubeIDE_2.0.0/STM32CubeIDE/plugins/com.st.stm32cube.ide.mcu.externaltools.gnu-tools-for-stm32.13.3.rel1.win32_1.0.100.202509120712/tools/bin/../lib/gcc/arm-none-eabi/13.3.1/../../../../arm-none-eabi/lib/thumb/v7-m/nofp\libc_nano.a(libc_a-stdio.o) (_close_r)
C:/ST/STM32CubeIDE_2.0.0/STM32CubeIDE/plugins/com.st.stm32cube.ide.mcu.externaltools.gnu-tools-for-stm32.13.3.rel1.win32_1.0.100.202509120712/tools/bin/../lib/gcc/arm-none-eabi/13.3.1/../../../../arm-none-eabi/lib/thumb/v7-m/nofp\libc_nano.a(libc_a-reent.o)
                              C:/ST/STM32CubeIDE_2.0.0/STM32CubeIDE/plugins/com.st.stm32cube.ide.mcu.externaltools.gnu-tools-for-stm32.13.3.rel1.win32_1.0.100.202509120712/tools/bin/../lib/gcc/arm-none-eabi/13.3.1/../../../../arm-none-eabi/lib/thumb/v7-m/nofp\libc_nano.a(libc_a-closer.o) (errno)
C:/ST/STM32CubeIDE_2.0.0/STM32CubeIDE/plugins/com.st.stm32cube.ide.mcu.externaltools.gnu-tools-for-stm32.13.3.rel1.win32_1.0.100.202509120712/tools/bin/../lib/gcc/arm-none-eabi/13.3.1/../../../../arm-none-eabi/lib/thumb/v7-m/nofp\libc_nano.a(libc_a-impure.o)
                              C:/ST/STM32CubeIDE_2.0.0/STM32CubeIDE/plugins/com.st.stm32cube.ide.mcu.externaltools.gnu-tools-for-stm32.13.3.rel1.win32_1.0.100.202509120712/tools/bin/../lib/gcc/arm-none-eabi/13.3.1/../../../../arm-none-eabi/lib/thumb/v7-m/nofp\libc_nano.a(libc_a-reent.o) (_impure_ptr)
C:/ST/STM32CubeIDE_2.0.0/STM32CubeIDE/plugins/com.st.stm32cube.ide.mcu.externaltools.gnu-tools-for-stm32.13.3.rel1.win32_1.0.100.202509120712/tools/bin/../lib/gcc/arm-none-eabi/13.3.1/../../../../arm-none-eabi/lib/thumb/v7-m/nofp\libc_nano.a(libc_a-lseekr.o)
[...]
Memory Configuration

Name             Origin             Length             Attributes
RAM              0x20000000         0x00005000         xrw
FLASH            0x08000000         0x00020000         xr
*default*        0x00000000         0xffffffff

Linker script and memory map

LOAD C:/ST/STM32CubeIDE_2.0.0/STM32CubeIDE/plugins/com.st.stm32cube.ide.mcu.externaltools.gnu-tools-for-stm32.13.3.rel1.win32_1.0.100.202509120712/tools/bin/../lib/gcc/arm-none-eabi/13.3.1/thumb/v7-m/nofp/crti.o
LOAD C:/ST/STM32CubeIDE_2.0.0/STM32CubeIDE/plugins/com.st.stm32cube.ide.mcu.externaltools.gnu-tools-for-stm32.13.3.rel1.win32_1.0.100.202509120712/tools/bin/../lib/gcc/arm-none-eabi/13.3.1/thumb/v7-m/nofp/crtbegin.o
LOAD C:/ST/STM32CubeIDE_2.0.0/STM32CubeIDE/plugins/com.st.stm32cube.ide.mcu.externaltools.gnu-tools-for-stm32.13.3.rel1.win32_1.0.100.202509120712/tools/bin/../lib/gcc/arm-none-eabi/13.3.1/../../../../arm-none-eabi/lib/thumb/v7-m/nofp/crt0.o
LOAD ./Drivers/STM32F1xx_HAL_Driver/Src/stm32f1xx_hal.o
LOAD ./Drivers/STM32F1xx_HAL_Driver/Src/stm32f1xx_hal_adc.o
LOAD ./Drivers/STM32F1xx_HAL_Driver/Src/stm32f1xx_hal_adc_ex.o
LOAD ./Drivers/STM32F1xx_HAL_Driver/Src/stm32f1xx_hal_can.o
LOAD ./Drivers/STM32F1xx_HAL_Driver/Src/stm32f1xx_hal_cortex.o
LOAD ./Drivers/STM32F1xx_HAL_Driver/Src/stm32f1xx_hal_dma.o
LOAD ./Drivers/STM32F1xx_HAL_Driver/Src/stm32f1xx_hal_flash.o
LOAD ./Drivers/STM32F1xx_HAL_Driver/Src/stm32f1xx_hal_flash_ex.o
LOAD ./Drivers/STM32F1xx_HAL_Driver/Src/stm32f1xx_hal_gpio.o
LOAD ./Drivers/STM32F1xx_HAL_Driver/Src/stm32f1xx_hal_gpio_ex.o
LOAD ./Drivers/STM32F1xx_HAL_Driver/Src/stm32f1xx_hal_i2c.o
LOAD ./Drivers/STM32F1xx_HAL_Driver/Src/stm32f1xx_hal_pwr.o
LOAD ./Drivers/STM32F1xx_HAL_Driver/Src/stm32f1xx_hal_rcc.o
LOAD ./Drivers/STM32F1xx_HAL_Driver/Src/stm32f1xx_hal_rcc_ex.o
LOAD ./Drivers/STM32F1xx_HAL_Driver/Src/stm32f1xx_hal_tim.o
LOAD ./Drivers/STM32F1xx_HAL_Driver/Src/stm32f1xx_hal_tim_ex.o
LOAD ./Drivers/STM32F1xx_HAL_Driver/Src/stm32f1xx_hal_uart.o
LOAD ./Drivers/STM32F1xx_HAL_Driver/Src/stm32f1xx_hal_usart.o
LOAD ./Src/FLASH_PAGE_F1.o
LOAD ./Src/adc.o
LOAD ./Src/calibrate.o
LOAD ./Src/can.o
LOAD ./Src/cassian_i2c.o
LOAD ./Src/control.o
LOAD ./Src/dma.o
LOAD ./Src/gpio.o
LOAD ./Src/main.o
LOAD ./Src/power.o
LOAD ./Src/steering.o
LOAD ./Src/stm32f1xx_hal_msp.o
LOAD ./Src/stm32f1xx_it.o
LOAD ./Src/system_stm32f1xx.o
LOAD ./Src/tim.o
LOAD ./Src/timer.o
LOAD ./Src/usart.o
LOAD ./Src/wheels.o
LOAD ./Startup/startup_stm32f103rbtx.o
START GROUP
LOAD C:/ST/STM32CubeIDE_2.0.0/STM32CubeIDE/plugins/com.st.stm32cube.ide.mcu.externaltools.gnu-tools-for-stm32.13.3.rel1.win32_1.0.100.202509120712/tools/bin/../lib/gcc/arm-none-eabi/13.3.1/../../../../arm-none-eabi/lib/thumb/v7-m/nofp\libc_nano.a
LOAD C:/ST/STM32CubeIDE_2.0.0/STM32CubeIDE/plugins/com.st.stm32cube.ide.mcu.externaltools.gnu-tools-for-stm32.13.3.rel1.win32_1.0.100.202509120712/tools/bin/../lib/gcc/arm-none-eabi/13.3.1/../../../../arm-none-eabi/lib/thumb/v7-m/nofp\libm.a
END GROUP
START GROUP
LOAD C:/ST/STM32CubeIDE_2.0.0/STM32CubeIDE/plugins/com.st.stm32cube.ide.mcu.externaltools.gnu-tools-for-stm32.13.3.rel1.win32_1.0.100.202509120712/tools/bin/../lib/gcc/arm-none-eabi/13.3.1/thumb/v7-m/nofp\libgcc.a
LOAD C:/ST/STM32CubeIDE_2.0.0/STM32CubeIDE/plugins/com.st.stm32cube.ide.mcu.externaltools.gnu-tools-for-stm32.13.3.rel1.win32_1.0.100.202509120712/tools/bin/../lib/gcc/arm-none-eabi/13.3.1/../../../../arm-none-eabi/lib/thumb/v7-m/nofp\libc_nano.a
END GROUP
START GROUP
LOAD C:/ST/STM32CubeIDE_2.0.0/STM32CubeIDE/plugins/com.st.stm32cube.ide.mcu.externaltools.gnu-tools-for-stm32.13.3.rel1.win32_1.0.100.202509120712/tools/bin/../lib/gcc/arm-none-eabi/13.3.1/thumb/v7-m/nofp\libgcc.a
LOAD C:/ST/STM32CubeIDE_2.0.0/STM32CubeIDE/plugins/com.st.stm32cube.ide.mcu.externaltools.gnu-tools-for-stm32.13.3.rel1.win32_1.0.100.202509120712/tools/bin/../lib/gcc/arm-none-eabi/13.3.1/../../../../arm-none-eabi/lib/thumb/v7-m/nofp\libc_nano.a
LOAD C:/ST/STM32CubeIDE_2.0.0/STM32CubeIDE/plugins/com.st.stm32cube.ide.mcu.externaltools.gnu-tools-for-stm32.13.3.rel1.win32_1.0.100.202509120712/tools/bin/../lib/gcc/arm-none-eabi/13.3.1/../../../../arm-none-eabi/lib/thumb/v7-m/nofp\libnosys.a
END GROUP
START GROUP
LOAD C:/ST/STM32CubeIDE_2.0.0/STM32CubeIDE/plugins/com.st.stm32cube.ide.mcu.externaltools.gnu-tools-for-stm32.13.3.rel1.win32_1.0.100.202509120712/tools/bin/../lib/gcc/arm-none-eabi/13.3.1/thumb/v7-m/nofp\libgcc.a
LOAD C:/ST/STM32CubeIDE_2.0.0/STM32CubeIDE/plugins/com.st.stm32cube.ide.mcu.externaltools.gnu-tools-for-stm32.13.3.rel1.win32_1.0.100.202509120712/tools/bin/../lib/gcc/arm-none-eabi/13.3.1/../../../../arm-none-eabi/lib/thumb/v7-m/nofp\libc_nano.a
LOAD C:/ST/STM32CubeIDE_2.0.0/STM32CubeIDE/plugins/com.st.stm32cube.ide.mcu.externaltools.gnu-tools-for-stm32.13.3.rel1.win32_1.0.100.202509120712/tools/bin/../lib/gcc/arm-none-eabi/13.3.1/../../../../arm-none-eabi/lib/thumb/v7-m/nofp\libnosys.a
END GROUP
LOAD C:/ST/STM32CubeIDE_2.0.0/STM32CubeIDE/plugins/com.st.stm32cube.ide.mcu.externaltools.gnu-tools-for-stm32.13.3.rel1.win32_1.0.100.202509120712/tools/bin/../lib/gcc/arm-none-eabi/13.3.1/thumb/v7-m/nofp/crtend.o
LOAD C:/ST/STM32CubeIDE_2.0.0/STM32CubeIDE/plugins/com.st.stm32cube.ide.mcu.externaltools.gnu-tools-for-stm32.13.3.rel1.win32_1.0.100.202509120712/tools/bin/../lib/gcc/arm-none-eabi/13.3.1/thumb/v7-m/nofp/crtn.o
                0x20005000                        _estack = (ORIGIN (RAM) + LENGTH (RAM))
                0x00000200                        _Min_Heap_Size = 0x200
                0x00000400                        _Min_Stack_Size = 0x400

.isr_vector     0x08000000      0x130
                0x08000000                        . = ALIGN (0x4)
 *(.isr_vector)
 .isr_vector    0x08000000      0x130 ./Startup/startup_stm32f103rbtx.o
                0x08000000                g_pfnVectors
                0x08000130                        . = ALIGN (0x4)

.text           0x08000130     0x73c0
                0x08000130                        . = ALIGN (0x4)
 *(.text)
 .text          0x08000130       0x40 C:/ST/STM32CubeIDE_2.0.0/STM32CubeIDE/plugins/com.st.stm32cube.ide.mcu.externaltools.gnu-tools-for-stm32.13.3.rel1.win32_1.0.100.202509120712/tools/bin/../lib/gcc/arm-none-eabi/13.3.1/thumb/v7-m/nofp/crtbegin.o
 .text          0x08000170      0x378 C:/ST/STM32CubeIDE_2.0.0/STM32CubeIDE/plugins/com.st.stm32cube.ide.mcu.externaltools.gnu-tools-for-stm32.13.3.rel1.win32_1.0.100.202509120712/tools/bin/../lib/gcc/arm-none-eabi/13.3.1/thumb/v7-m/nofp\libgcc.a(_arm_addsubdf3.o)
                0x08000170                __aeabi_drsub
                0x08000178                __aeabi_dsub
                0x08000178                __subdf3
                0x0800017c                __aeabi_dadd
                0x0800017c                __adddf3
                0x080003f4                __floatunsidf
                0x080003f4                __aeabi_ui2d
                0x08000414                __floatsidf
                0x08000414                __aeabi_i2d
                0x08000438                __aeabi_f2d
                0x08000438                __extendsfdf2
                0x0800047c                __floatundidf
                0x0800047c                __aeabi_ul2d
                0x0800048c                __floatdidf
                0x0800048c                __aeabi_l2d
 .text          0x080004e8      0x424 C:/ST/STM32CubeIDE_2.0.0/STM32CubeIDE/plugins/com.st.stm32cube.ide.mcu.externaltools.gnu-tools-for-stm32.13.3.rel1.win32_1.0.100.202509120712/tools/bin/../lib/gcc/arm-none-eabi/13.3.1/thumb/v7-m/nofp\libgcc.a(_arm_muldivdf3.o)
                0x080004e8                __aeabi_dmul
                0x080004e8                __muldf3
                0x0800073c                __divdf3
                0x0800073c                __aeabi_ddiv
 .text          0x0800090c       0x50 C:/ST/STM32CubeIDE_2.0.0/STM32CubeIDE/plugins/com.st.stm32cube.ide.mcu.externaltools.gnu-tools-for-stm32.13.3.rel1.win32_1.0.100.202509120712/tools/bin/../lib/gcc/arm-none-eabi/13.3.1/thumb/v7-m/nofp\libgcc.a(_arm_fixdfsi.o)
                0x0800090c                __aeabi_d2iz
                0x0800090c                __fixdfsi
 .text          0x0800095c      0x21c C:/ST/STM32CubeIDE_2.0.0/STM32CubeIDE/plugins/com.st.stm32cube.ide.mcu.externaltools.gnu-tools-for-stm32.13.3.rel1.win32_1.0.100.202509120712/tools/bin/../lib/gcc/arm-none-eabi/13.3.1/thumb/v7-m/nofp\libgcc.a(_arm_addsubsf3.o)
                0x0800095c                __aeabi_frsub
                0x08000964                __subsf3
                0x08000964                __aeabi_fsub
                0x08000968                __aeabi_fadd
                0x08000968                __addsf3
                0x08000ac8                __aeabi_ui2f
                0x08000ac8                __floatunsisf
                0x08000ad0                __aeabi_i2f
                0x08000ad0                __floatsisf
                0x08000aec                __aeabi_ul2f
                0x08000aec                __floatundisf
                0x08000afc                __aeabi_l2f
                0x08000afc                __floatdisf
 .text          0x08000b78      0x2a0 C:/ST/STM32CubeIDE_2.0.0/STM32CubeIDE/plugins/com.st.stm32cube.ide.mcu.externaltools.gnu-tools-for-stm32.13.3.rel1.win32_1.0.100.202509120712/tools/bin/../lib/gcc/arm-none-eabi/13.3.1/thumb/v7-m/nofp\libgcc.a(_arm_muldivsf3.o)
                0x08000b78                __mulsf3
                0x08000b78                __aeabi_fmul
                0x08000ce0                __aeabi_fdiv
                0x08000ce0                __divsf3
 .text          0x08000e18       0xec C:/ST/STM32CubeIDE_2.0.0/STM32CubeIDE/plugins/com.st.stm32cube.ide.mcu.externaltools.gnu-tools-for-stm32.13.3.rel1.win32_1.0.100.202509120712/tools/bin/../lib/gcc/arm-none-eabi/13.3.1/thumb/v7-m/nofp\libgcc.a(_arm_cmpsf2.o)
                0x08000e18                __gesf2
                0x08000e18                __gtsf2
                0x08000e20                __lesf2
                0x08000e20                __ltsf2
                0x08000e28                __nesf2
                0x08000e28                __eqsf2
                0x08000e28                __cmpsf2
                0x08000e88                __aeabi_cfrcmple
                0x08000e90                __aeabi_cfcmpeq
                0x08000e90                __aeabi_cfcmple
                0x08000ea0                __aeabi_fcmpeq
                0x08000eb4                __aeabi_fcmplt
                0x08000ec8                __aeabi_fcmple
                0x08000edc                __aeabi_fcmpge
                0x08000ef0                __aeabi_fcmpgt
 .text          0x08000f04       0x4c C:/ST/STM32CubeIDE_2.0.0/STM32CubeIDE/plugins/com.st.stm32cube.ide.mcu.externaltools.gnu-tools-for-stm32.13.3.rel1.win32_1.0.100.202509120712/tools/bin/../lib/gcc/arm-none-eabi/13.3.1/thumb/v7-m/nofp\libgcc.a(_arm_fixsfsi.o)
                0x08000f04                __aeabi_f2iz
                0x08000f04                __fixsfsi
 .text          0x08000f50       0x30 C:/ST/STM32CubeIDE_2.0.0/STM32CubeIDE/plugins/com.st.stm32cube.ide.mcu.externaltools.gnu-tools-for-stm32.13.3.rel1.win32_1.0.100.202509120712/tools/bin/../lib/gcc/arm-none-eabi/13.3.1/thumb/v7-m/nofp\libgcc.a(_aeabi_uldivmod.o)
                0x08000f50                __aeabi_uldivmod
 .text          0x08000f80      0x300 C:/ST/STM32CubeIDE_2.0.0/STM32CubeIDE/plugins/com.st.stm32cube.ide.mcu.externaltools.gnu-tools-for-stm32.13.3.rel1.win32_1.0.100.202509120712/tools/bin/../lib/gcc/arm-none-eabi/13.3.1/thumb/v7-m/nofp\libgcc.a(_udivmoddi4.o)
                0x08000f80                __udivmoddi4
 .text          0x08001280        0x4 C:/ST/STM32CubeIDE_2.0.0/STM32CubeIDE/plugins/com.st.stm32cube.ide.mcu.externaltools.gnu-tools-for-stm32.13.3.rel1.win32_1.0.100.202509120712/tools/bin/../lib/gcc/arm-none-eabi/13.3.1/thumb/v7-m/nofp\libgcc.a(_dvmd_tls.o)
                0x08001280                __aeabi_idiv0
                0x08001280                __aeabi_ldiv0
 *(.text*)
 .text.HAL_Init
                0x08001284       0x2c ./Drivers/STM32F1xx_HAL_Driver/Src/stm32f1xx_hal.o
                0x08001284                HAL_Init
 .text.HAL_InitTick
                0x080012b0       0x38 ./Drivers/STM32F1xx_HAL_Driver/Src/stm32f1xx_hal.o
                0x080012b0                HAL_InitTick
 .text.HAL_IncTick
                0x080012e8       0x1c ./Drivers/STM32F1xx_HAL_Driver/Src/stm32f1xx_hal.o
                0x080012e8                HAL_IncTick
 .text.HAL_GetTick
                0x08001304       0x14 ./Drivers/STM32F1xx_HAL_Driver/Src/stm32f1xx_hal.o
                0x08001304                HAL_GetTick
 .text.HAL_Delay
                0x08001318       0x3c ./Drivers/STM32F1xx_HAL_Driver/Src/stm32f1xx_hal.o
                0x08001318                HAL_Delay
 .text.HAL_ADC_Init
                0x08001354      0x1b0 ./Drivers/STM32F1xx_HAL_Driver/Src/stm32f1xx_hal_adc.o
                0x08001354                HAL_ADC_Init
 .text.HAL_ADC_Start_DMA
                0x08001504      0x1bc ./Drivers/STM32F1xx_HAL_Driver/Src/stm32f1xx_hal_adc.o
                0x08001504                HAL_ADC_Start_DMA
 .text.HAL_ADC_ConvCpltCallback
                0x080016c0       0x12 ./Drivers/STM32F1xx_HAL_Driver/Src/stm32f1xx_hal_adc.o
                0x080016c0                HAL_ADC_ConvCpltCallback
 .text.HAL_ADC_ConvHalfCpltCallback
                0x080016d2       0x12 ./Drivers/STM32F1xx_HAL_Driver/Src/stm32f1xx_hal_adc.o
                0x080016d2                HAL_ADC_ConvHalfCpltCallback
 .text.HAL_ADC_ErrorCallback
                0x080016e4       0x12 ./Drivers/STM32F1xx_HAL_Driver/Src/stm32f1xx_hal_adc.o
                0x080016e4                HAL_ADC_ErrorCallback
 *fill*         0x080016f6        0x2 
 .text.HAL_ADC_ConfigChannel
                0x080016f8      0x1f0 ./Drivers/STM32F1xx_HAL_Driver/Src/stm32f1xx_hal_adc.o
                0x080016f8                HAL_ADC_ConfigChannel
 .text.ADC_Enable
                0x080018e8       0xa4 ./Drivers/STM32F1xx_HAL_Driver/Src/stm32f1xx_hal_adc.o
                0x080018e8                ADC_Enable
 .text.ADC_ConversionStop_Disable
                0x0800198c       0x74 ./Drivers/STM32F1xx_HAL_Driver/Src/stm32f1xx_hal_adc.o
                0x0800198c                ADC_ConversionStop_Disable
 .text.ADC_DMAConvCplt
                0x08001a00       0x7c ./Drivers/STM32F1xx_HAL_Driver/Src/stm32f1xx_hal_adc.o
                0x08001a00                ADC_DMAConvCplt
 .text.ADC_DMAHalfConvCplt
                0x08001a7c       0x1c ./Drivers/STM32F1xx_HAL_Driver/Src/stm32f1xx_hal_adc.o
                0x08001a7c                ADC_DMAHalfConvCplt
 .text.ADC_DMAError
                0x08001a98       0x34 ./Drivers/STM32F1xx_HAL_Driver/Src/stm32f1xx_hal_adc.o
                0x08001a98                ADC_DMAError
 .text.HAL_CAN_Init
                0x08001acc      0x202 ./Drivers/STM32F1xx_HAL_Driver/Src/stm32f1xx_hal_can.o
                0x08001acc                HAL_CAN_Init
 .text.HAL_CAN_ConfigFilter
                0x08001cce      0x1a2 ./Drivers/STM32F1xx_HAL_Driver/Src/stm32f1xx_hal_can.o
                0x08001cce                HAL_CAN_ConfigFilter
 .text.HAL_CAN_Transmit
                0x08001e70      0x36c ./Drivers/STM32F1xx_HAL_Driver/Src/stm32f1xx_hal_can.o
                0x08001e70                HAL_CAN_Transmit
 .text.HAL_CAN_IRQHandler
                0x080021dc      0x488 ./Drivers/STM32F1xx_HAL_Driver/Src/stm32f1xx_hal_can.o
                0x080021dc                HAL_CAN_IRQHandler
 .text.HAL_CAN_TxCpltCallback
                0x08002664       0x12 ./Drivers/STM32F1xx_HAL_Driver/Src/stm32f1xx_hal_can.o
                0x08002664                HAL_CAN_TxCpltCallback
 .text.HAL_CAN_ErrorCallback
                0x08002676       0x12 ./Drivers/STM32F1xx_HAL_Driver/Src/stm32f1xx_hal_can.o
                0x08002676                HAL_CAN_ErrorCallback
 .text.CAN_Transmit_IT
                0x08002688       0x86 ./Drivers/STM32F1xx_HAL_Driver/Src/stm32f1xx_hal_can.o
 .text.CAN_Receive_IT
                0x0800270e      0x278 ./Drivers/STM32F1xx_HAL_Driver/Src/stm32f1xx_hal_can.o
 *fill*         0x08002986        0x2 
 .text.NVIC_SetPriorityGrouping
                0x08002988       0x48 ./Drivers/STM32F1xx_HAL_Driver/Src/stm32f1xx_hal_cortex.o
 .text.NVIC_GetPriorityGrouping
                0x080029d0       0x1c ./Drivers/STM32F1xx_HAL_Driver/Src/stm32f1xx_hal_cortex.o
 .text.NVIC_EnableIRQ
                0x080029ec       0x30 ./Drivers/STM32F1xx_HAL_Driver/Src/stm32f1xx_hal_cortex.o
 .text.NVIC_SetPriority
                0x08002a1c       0x54 ./Drivers/STM32F1xx_HAL_Driver/Src/stm32f1xx_hal_cortex.o
 .text.NVIC_EncodePriority
                0x08002a70       0x64 ./Drivers/STM32F1xx_HAL_Driver/Src/stm32f1xx_hal_cortex.o
 .text.SysTick_Config
                0x08002ad4       0x44 ./Drivers/STM32F1xx_HAL_Driver/Src/stm32f1xx_hal_cortex.o
 .text.HAL_NVIC_SetPriorityGrouping
                0x08002b18       0x16 ./Drivers/STM32F1xx_HAL_Driver/Src/stm32f1xx_hal_cortex.o
                0x08002b18                HAL_NVIC_SetPriorityGrouping
 .text.HAL_NVIC_SetPriority
                0x08002b2e       0x38 ./Drivers/STM32F1xx_HAL_Driver/Src/stm32f1xx_hal_cortex.o
                0x08002b2e                HAL_NVIC_SetPriority
 .text.HAL_NVIC_EnableIRQ
                0x08002b66       0x1c ./Drivers/STM32F1xx_HAL_Driver/Src/stm32f1xx_hal_cortex.o
                0x08002b66                HAL_NVIC_EnableIRQ
 .text.HAL_SYSTICK_Config
                0x08002b82       0x18 ./Drivers/STM32F1xx_HAL_Driver/Src/stm32f1xx_hal_cortex.o
                0x08002b82                HAL_SYSTICK_Config
 *fill*         0x08002b9a        0x2 
 .text.HAL_SYSTICK_CLKSourceConfig
                0x08002b9c       0x38 ./Drivers/STM32F1xx_HAL_Driver/Src/stm32f1xx_hal_cortex.o
                0x08002b9c                HAL_SYSTICK_CLKSourceConfig
 .text.HAL_SYSTICK_IRQHandler
                0x08002bd4        0xc ./Drivers/STM32F1xx_HAL_Driver/Src/stm32f1xx_hal_cortex.o
                0x08002bd4                HAL_SYSTICK_IRQHandler
 .text.HAL_SYSTICK_Callback
                0x08002be0        0xc ./Drivers/STM32F1xx_HAL_Driver/Src/stm32f1xx_hal_cortex.o
                0x08002be0                HAL_SYSTICK_Callback
 .text.HAL_DMA_Init
                0x08002bec       0xcc ./Drivers/STM32F1xx_HAL_Driver/Src/stm32f1xx_hal_dma.o
                0x08002bec                HAL_DMA_Init
 .text.HAL_DMA_Start_IT
                0x08002cb8       0xbe ./Drivers/STM32F1xx_HAL_Driver/Src/stm32f1xx_hal_dma.o
                0x08002cb8                HAL_DMA_Start_IT
 *fill*         0x08002d76        0x2 
 .text.HAL_DMA_IRQHandler
                0x08002d78      0x20c ./Drivers/STM32F1xx_HAL_Driver/Src/stm32f1xx_hal_dma.o
                0x08002d78                HAL_DMA_IRQHandler
 .text.DMA_SetConfig
                0x08002f84       0x5a ./Drivers/STM32F1xx_HAL_Driver/Src/stm32f1xx_hal_dma.o
 *fill*         0x08002fde        0x2 
 .text.HAL_FLASH_Program
                0x08002fe0       0xe0 ./Drivers/STM32F1xx_HAL_Driver/Src/stm32f1xx_hal_flash.o
                0x08002fe0                HAL_FLASH_Program
 .text.HAL_FLASH_Unlock
                0x080030c0       0x38 ./Drivers/STM32F1xx_HAL_Driver/Src/stm32f1xx_hal_flash.o
                0x080030c0                HAL_FLASH_Unlock
 .text.HAL_FLASH_Lock
                0x080030f8       0x20 ./Drivers/STM32F1xx_HAL_Driver/Src/stm32f1xx_hal_flash.o
                0x080030f8                HAL_FLASH_Lock
 .text.HAL_FLASH_GetError
                0x08003118       0x14 ./Drivers/STM32F1xx_HAL_Driver/Src/stm32f1xx_hal_flash.o
                0x08003118                HAL_FLASH_GetError
 .text.FLASH_Program_HalfWord
                0x0800312c       0x38 ./Drivers/STM32F1xx_HAL_Driver/Src/stm32f1xx_hal_flash.o
 .text.FLASH_WaitForLastOperation
                0x08003164       0x8c ./Drivers/STM32F1xx_HAL_Driver/Src/stm32f1xx_hal_flash.o
                0x08003164                FLASH_WaitForLastOperation
 .text.FLASH_SetErrorCode
                0x080031f0       0xa0 ./Drivers/STM32F1xx_HAL_Driver/Src/stm32f1xx_hal_flash.o
 .text.HAL_FLASHEx_Erase
                0x08003290       0xd8 ./Drivers/STM32F1xx_HAL_Driver/Src/stm32f1xx_hal_flash_ex.o
                0x08003290                HAL_FLASHEx_Erase
 .text.FLASH_MassErase
                0x08003368       0x38 ./Drivers/STM32F1xx_HAL_Driver/Src/stm32f1xx_hal_flash_ex.o
 .text.FLASH_PageErase
                0x080033a0       0x40 ./Drivers/STM32F1xx_HAL_Driver/Src/stm32f1xx_hal_flash_ex.o
                0x080033a0                FLASH_PageErase
 .text.HAL_GPIO_Init
                0x080033e0      0x310 ./Drivers/STM32F1xx_HAL_Driver/Src/stm32f1xx_hal_gpio.o
                0x080033e0                HAL_GPIO_Init
 .text.HAL_GPIO_ReadPin
                0x080036f0       0x2e ./Drivers/STM32F1xx_HAL_Driver/Src/stm32f1xx_hal_gpio.o
                0x080036f0                HAL_GPIO_ReadPin
 .text.HAL_GPIO_WritePin
                0x0800371e       0x30 ./Drivers/STM32F1xx_HAL_Driver/Src/stm32f1xx_hal_gpio.o
                0x0800371e                HAL_GPIO_WritePin
 *fill*         0x0800374e        0x2 
 .text.HAL_GPIO_EXTI_IRQHandler
                0x08003750       0x30 ./Drivers/STM32F1xx_HAL_Driver/Src/stm32f1xx_hal_gpio.o
                0x08003750                HAL_GPIO_EXTI_IRQHandler
 .text.HAL_RCC_OscConfig
                0x08003780      0x4c8 ./Drivers/STM32F1xx_HAL_Driver/Src/stm32f1xx_hal_rcc.o
                0x08003780                HAL_RCC_OscConfig
 .text.HAL_RCC_ClockConfig
                0x08003c48      0x1e8 ./Drivers/STM32F1xx_HAL_Driver/Src/stm32f1xx_hal_rcc.o
                0x08003c48                HAL_RCC_ClockConfig
 .text.HAL_RCC_GetSysClockFreq
                0x08003e30       0xbc ./Drivers/STM32F1xx_HAL_Driver/Src/stm32f1xx_hal_rcc.o
                0x08003e30                HAL_RCC_GetSysClockFreq
 .text.HAL_RCC_GetHCLKFreq
                0x08003eec       0x14 ./Drivers/STM32F1xx_HAL_Driver/Src/stm32f1xx_hal_rcc.o
                0x08003eec                HAL_RCC_GetHCLKFreq
 .text.HAL_RCC_GetPCLK1Freq
                0x08003f00       0x28 ./Drivers/STM32F1xx_HAL_Driver/Src/stm32f1xx_hal_rcc.o
                0x08003f00                HAL_RCC_GetPCLK1Freq
 .text.HAL_RCC_GetPCLK2Freq
                0x08003f28       0x28 ./Drivers/STM32F1xx_HAL_Driver/Src/stm32f1xx_hal_rcc.o
                0x08003f28                HAL_RCC_GetPCLK2Freq
 .text.RCC_Delay
                0x08003f50       0x40 ./Drivers/STM32F1xx_HAL_Driver/Src/stm32f1xx_hal_rcc.o
 .text.HAL_RCCEx_PeriphCLKConfig
                0x08003f90      0x16c ./Drivers/STM32F1xx_HAL_Driver/Src/stm32f1xx_hal_rcc_ex.o
                0x08003f90                HAL_RCCEx_PeriphCLKConfig
 .text.HAL_TIM_Base_Init
                0x080040fc       0x56 ./Drivers/STM32F1xx_HAL_Driver/Src/stm32f1xx_hal_tim.o
                0x080040fc                HAL_TIM_Base_Init
 .text.HAL_TIM_PWM_Init
                0x08004152       0x56 ./Drivers/STM32F1xx_HAL_Driver/Src/stm32f1xx_hal_tim.o
                0x08004152                HAL_TIM_PWM_Init
 .text.HAL_TIM_PWM_Start
                0x080041a8       0x50 ./Drivers/STM32F1xx_HAL_Driver/Src/stm32f1xx_hal_tim.o
                0x080041a8                HAL_TIM_PWM_Start
 .text.HAL_TIM_IC_Init
                0x080041f8       0x56 ./Drivers/STM32F1xx_HAL_Driver/Src/stm32f1xx_hal_tim.o
                0x080041f8                HAL_TIM_IC_Init
 .text.HAL_TIM_IC_MspInit
                0x0800424e       0x12 ./Drivers/STM32F1xx_HAL_Driver/Src/stm32f1xx_hal_tim.o
                0x0800424e                HAL_TIM_IC_MspInit
 .text.HAL_TIM_IC_Start_IT
                0x08004260       0xc0 ./Drivers/STM32F1xx_HAL_Driver/Src/stm32f1xx_hal_tim.o
                0x08004260                HAL_TIM_IC_Start_IT
 .text.HAL_TIM_IRQHandler
                0x08004320      0x210 ./Drivers/STM32F1xx_HAL_Driver/Src/stm32f1xx_hal_tim.o
                0x08004320                HAL_TIM_IRQHandler
 .text.HAL_TIM_IC_ConfigChannel
                0x08004530      0x138 ./Drivers/STM32F1xx_HAL_Driver/Src/stm32f1xx_hal_tim.o
                0x08004530                HAL_TIM_IC_ConfigChannel
 .text.HAL_TIM_PWM_ConfigChannel
                0x08004668      0x18c ./Drivers/STM32F1xx_HAL_Driver/Src/stm32f1xx_hal_tim.o
                0x08004668                HAL_TIM_PWM_ConfigChannel
 .text.HAL_TIM_ConfigClockSource
                0x080047f4      0x1d6 ./Drivers/STM32F1xx_HAL_Driver/Src/stm32f1xx_hal_tim.o
                0x080047f4                HAL_TIM_ConfigClockSource
 *fill*         0x080049ca        0x2 
 .text.HAL_TIM_ReadCapturedValue
                0x080049cc       0xa4 ./Drivers/STM32F1xx_HAL_Driver/Src/stm32f1xx_hal_tim.o
                0x080049cc                HAL_TIM_ReadCapturedValue
 .text.HAL_TIM_OC_DelayElapsedCallback
                0x08004a70       0x12 ./Drivers/STM32F1xx_HAL_Driver/Src/stm32f1xx_hal_tim.o
                0x08004a70                HAL_TIM_OC_DelayElapsedCallback
 .text.HAL_TIM_PWM_PulseFinishedCallback
                0x08004a82       0x12 ./Drivers/STM32F1xx_HAL_Driver/Src/stm32f1xx_hal_tim.o
                0x08004a82                HAL_TIM_PWM_PulseFinishedCallback
 .text.HAL_TIM_TriggerCallback
                0x08004a94       0x12 ./Drivers/STM32F1xx_HAL_Driver/Src/stm32f1xx_hal_tim.o
                0x08004a94                HAL_TIM_TriggerCallback
 *fill*         0x08004aa6        0x2 
 .text.TIM_Base_SetConfig
                0x08004aa8       0xcc ./Drivers/STM32F1xx_HAL_Driver/Src/stm32f1xx_hal_tim.o
                0x08004aa8                TIM_Base_SetConfig
 .text.TIM_OC1_SetConfig
                0x08004b74       0xd8 ./Drivers/STM32F1xx_HAL_Driver/Src/stm32f1xx_hal_tim.o
 .text.TIM_OC2_SetConfig
                0x08004c4c       0xe0 ./Drivers/STM32F1xx_HAL_Driver/Src/stm32f1xx_hal_tim.o
                0x08004c4c                TIM_OC2_SetConfig
 .text.TIM_OC3_SetConfig
                0x08004d2c       0xe0 ./Drivers/STM32F1xx_HAL_Driver/Src/stm32f1xx_hal_tim.o
 .text.TIM_OC4_SetConfig
                0x08004e0c       0xa8 ./Drivers/STM32F1xx_HAL_Driver/Src/stm32f1xx_hal_tim.o
 .text.TIM_TI1_SetConfig
                0x08004eb4       0xbc ./Drivers/STM32F1xx_HAL_Driver/Src/stm32f1xx_hal_tim.o
                0x08004eb4                TIM_TI1_SetConfig
 .text.TIM_TI1_ConfigInputStage
                0x08004f70       0x64 ./Drivers/STM32F1xx_HAL_Driver/Src/stm32f1xx_hal_tim.o
 .text.TIM_TI2_SetConfig
                0x08004fd4       0x80 ./Drivers/STM32F1xx_HAL_Driver/Src/stm32f1xx_hal_tim.o
 .text.TIM_TI2_ConfigInputStage
                0x08005054       0x66 ./Drivers/STM32F1xx_HAL_Driver/Src/stm32f1xx_hal_tim.o
 .text.TIM_TI3_SetConfig
                0x080050ba       0x7e ./Drivers/STM32F1xx_HAL_Driver/Src/stm32f1xx_hal_tim.o
 .text.TIM_TI4_SetConfig
                0x08005138       0x80 ./Drivers/STM32F1xx_HAL_Driver/Src/stm32f1xx_hal_tim.o
 .text.TIM_ITRx_SetConfig
                0x080051b8       0x3e ./Drivers/STM32F1xx_HAL_Driver/Src/stm32f1xx_hal_tim.o
 .text.TIM_ETR_SetConfig
                0x080051f6       0x42 ./Drivers/STM32F1xx_HAL_Driver/Src/stm32f1xx_hal_tim.o
 .text.TIM_CCxChannelCmd
                0x08005238       0x44 ./Drivers/STM32F1xx_HAL_Driver/Src/stm32f1xx_hal_tim.o
                0x08005238                TIM_CCxChannelCmd
 .text.HAL_TIMEx_OCN_Start
                0x0800527c       0x42 ./Drivers/STM32F1xx_HAL_Driver/Src/stm32f1xx_hal_tim_ex.o
                0x0800527c                HAL_TIMEx_OCN_Start
 .text.HAL_TIMEx_ConfigBreakDeadTime
                0x080052be       0xb0 ./Drivers/STM32F1xx_HAL_Driver/Src/stm32f1xx_hal_tim_ex.o
                0x080052be                HAL_TIMEx_ConfigBreakDeadTime
 .text.HAL_TIMEx_MasterConfigSynchronization
                0x0800536e       0x88 ./Drivers/STM32F1xx_HAL_Driver/Src/stm32f1xx_hal_tim_ex.o
                0x0800536e                HAL_TIMEx_MasterConfigSynchronization
 .text.HAL_TIMEx_CommutationCallback
                0x080053f6       0x12 ./Drivers/STM32F1xx_HAL_Driver/Src/stm32f1xx_hal_tim_ex.o
                0x080053f6                HAL_TIMEx_CommutationCallback
 .text.HAL_TIMEx_BreakCallback
                0x08005408       0x12 ./Drivers/STM32F1xx_HAL_Driver/Src/stm32f1xx_hal_tim_ex.o
                0x08005408                HAL_TIMEx_BreakCallback
 .text.TIM_CCxNChannelCmd
                0x0800541a       0x44 ./Drivers/STM32F1xx_HAL_Driver/Src/stm32f1xx_hal_tim_ex.o
 .text.HAL_UART_Init
                0x0800545e       0x9a ./Drivers/STM32F1xx_HAL_Driver/Src/stm32f1xx_hal_uart.o
                0x0800545e                HAL_UART_Init
 .text.UART_SetConfig
                0x080054f8      0x230 ./Drivers/STM32F1xx_HAL_Driver/Src/stm32f1xx_hal_uart.o
 .text.GetPage  0x08005728       0x4e ./Src/FLASH_PAGE_F1.o
 .text.float2Bytes
                0x08005776       0x3e ./Src/FLASH_PAGE_F1.o
                0x08005776                float2Bytes
 .text.Bytes2float
                0x080057b4       0x3c ./Src/FLASH_PAGE_F1.o
                0x080057b4                Bytes2float
 .text.Flash_Write_Data
                0x080057f0       0xb8 ./Src/FLASH_PAGE_F1.o
                0x080057f0                Flash_Write_Data
 .text.Flash_Read_Data
                0x080058a8       0x3a ./Src/FLASH_PAGE_F1.o
                0x080058a8                Flash_Read_Data
 *fill*         0x080058e2        0x2 
 .text.Flash_Write_NUM
                0x080058e4       0x28 ./Src/FLASH_PAGE_F1.o
                0x080058e4                Flash_Write_NUM
 .text.Flash_Read_NUM
                0x0800590c       0x2c ./Src/FLASH_PAGE_F1.o
                0x0800590c                Flash_Read_NUM
 .text.MX_ADC1_Init
                0x08005938      0x100 ./Src/adc.o
                0x08005938                MX_ADC1_Init
 .text.HAL_ADC_MspInit
                0x08005a38       0xcc ./Src/adc.o
                0x08005a38                HAL_ADC_MspInit
 .text.is_blue_button_pressed
                0x08005b04       0x24 ./Src/calibrate.o
                0x08005b04                is_blue_button_pressed
 .text.calibrate
                0x08005b28      0x1cc ./Src/calibrate.o
                0x08005b28                calibrate
 .text.MX_CAN_Init
                0x08005cf4       0x88 ./Src/can.o
                0x08005cf4                MX_CAN_Init
 .text.HAL_CAN_MspInit
                0x08005d7c       0x9c ./Src/can.o
                0x08005d7c                HAL_CAN_MspInit
 .text.CAN_FilterConfig
                0x08005e18       0x58 ./Src/can.o
                0x08005e18                CAN_FilterConfig
 .text.CAN_Send
                0x08005e70       0x78 ./Src/can.o
                0x08005e70                CAN_Send
 .text.read_mode
                0x08005ee8       0x1a ./Src/can.o
                0x08005ee8                read_mode
 *fill*         0x08005f02        0x2 
 .text.HAL_CAN_RxCpltCallback
                0x08005f04       0xbc ./Src/can.o
                0x08005f04                HAL_CAN_RxCpltCallback
 .text.car_control
                0x08005fc0       0x58 ./Src/control.o
                0x08005fc0                car_control
 .text.MX_DMA_Init
                0x08006018       0x3c ./Src/dma.o
                0x08006018                MX_DMA_Init
 .text.MX_GPIO_Init
                0x08006054      0x154 ./Src/gpio.o
                0x08006054                MX_GPIO_Init
 .text.HAL_TIM_PeriodElapsedCallback
                0x080061a8       0x54 ./Src/main.o
                0x080061a8                HAL_TIM_PeriodElapsedCallback
 .text.HAL_TIM_IC_CaptureCallback
                0x080061fc       0xa8 ./Src/main.o
                0x080061fc                HAL_TIM_IC_CaptureCallback
 .text.HAL_GPIO_EXTI_Callback
                0x080062a4       0x6c ./Src/main.o
                0x080062a4                HAL_GPIO_EXTI_Callback
 .text.SYS_MicroDelay
                0x08006310       0x30 ./Src/main.o
                0x08006310                SYS_MicroDelay
 .text.main     0x08006340      0x420 ./Src/main.o
                0x08006340                main
 .text.SystemClock_Config
                0x08006760       0xc4 ./Src/main.o
                0x08006760                SystemClock_Config
 .text._Error_Handler
                0x08006824       0x14 ./Src/main.o
                0x08006824                _Error_Handler
 .text.power_boostrap
                0x08006838       0x18 ./Src/power.o
                0x08006838                power_boostrap
 .text.steering_set_speed
                0x08006850       0xc4 ./Src/steering.o
                0x08006850                steering_set_speed
 .text.steering_get_angle
                0x08006914       0x80 ./Src/steering.o
                0x08006914                steering_get_angle
 .text.steering_move_with_button
                0x08006994       0xc4 ./Src/steering.o
                0x08006994                steering_move_with_button
 .text.readCalibrationData
                0x08006a58       0x30 ./Src/steering.o
                0x08006a58                readCalibrationData
 .text.HAL_MspInit
                0x08006a88       0xa0 ./Src/stm32f1xx_hal_msp.o
                0x08006a88                HAL_MspInit
 .text.SVC_Handler
                0x08006b28        0xc ./Src/stm32f1xx_it.o
                0x08006b28                SVC_Handler
 .text.PendSV_Handler
                0x08006b34        0xc ./Src/stm32f1xx_it.o
                0x08006b34                PendSV_Handler
 .text.SysTick_Handler
                0x08006b40       0x84 ./Src/stm32f1xx_it.o
                0x08006b40                SysTick_Handler
 .text.DMA1_Channel1_IRQHandler
                0x08006bc4       0x14 ./Src/stm32f1xx_it.o
                0x08006bc4                DMA1_Channel1_IRQHandler
 .text.USB_LP_CAN_RX0_IRQHandler
                0x08006bd8       0x14 ./Src/stm32f1xx_it.o
                0x08006bd8                USB_LP_CAN_RX0_IRQHandler
 .text.TIM2_IRQHandler
                0x08006bec       0x14 ./Src/stm32f1xx_it.o
                0x08006bec                TIM2_IRQHandler
 .text.TIM3_IRQHandler
                0x08006c00       0x14 ./Src/stm32f1xx_it.o
                0x08006c00                TIM3_IRQHandler
 .text.TIM4_IRQHandler
                0x08006c14       0x14 ./Src/stm32f1xx_it.o
                0x08006c14                TIM4_IRQHandler
 .text.EXTI9_5_IRQHandler
                0x08006c28       0x1e ./Src/stm32f1xx_it.o
                0x08006c28                EXTI9_5_IRQHandler
 *fill*         0x08006c46        0x2 
 .text.SystemInit
                0x08006c48       0x68 ./Src/system_stm32f1xx.o
                0x08006c48                SystemInit
 .text.MX_TIM1_Init
                0x08006cb0      0x130 ./Src/tim.o
                0x08006cb0                MX_TIM1_Init
 .text.MX_TIM2_Init
                0x08006de0       0xd4 ./Src/tim.o
                0x08006de0                MX_TIM2_Init
 .text.MX_TIM3_Init
                0x08006eb4       0x50 ./Src/tim.o
                0x08006eb4                MX_TIM3_Init
 .text.MX_TIM4_Init
                0x08006f04       0xd8 ./Src/tim.o
                0x08006f04                MX_TIM4_Init
 .text.HAL_TIM_PWM_MspInit
                0x08006fdc       0x3c ./Src/tim.o
                0x08006fdc                HAL_TIM_PWM_MspInit
 .text.HAL_TIM_Base_MspInit
                0x08007018      0x10c ./Src/tim.o
                0x08007018                HAL_TIM_Base_MspInit
 .text.HAL_TIM_MspPostInit
                0x08007124       0x74 ./Src/tim.o
                0x08007124                HAL_TIM_MspPostInit
 .text.startMicroSecondCounter
                0x08007198       0x1c ./Src/timer.o
                0x08007198                startMicroSecondCounter
 .text.microSecondTimerOverflow
                0x080071b4       0x24 ./Src/timer.o
                0x080071b4                microSecondTimerOverflow
 .text.microSecond
                0x080071d8       0x60 ./Src/timer.o
                0x080071d8                microSecond
 .text.MX_USART2_UART_Init
                0x08007238       0x5c ./Src/usart.o
                0x08007238                MX_USART2_UART_Init
 .text.HAL_UART_MspInit
                0x08007294       0x58 ./Src/usart.o
                0x08007294                HAL_UART_MspInit
 .text.wheels_set_speed
                0x080072ec      0x150 ./Src/wheels.o
                0x080072ec                wheels_set_speed
 .text.Reset_Handler
                0x0800743c       0x50 ./Startup/startup_stm32f103rbtx.o
                0x0800743c                Reset_Handler
 .text.Default_Handler
                0x0800748c        0x2 ./Startup/startup_stm32f103rbtx.o
                0x0800748c                EXTI2_IRQHandler
                0x0800748c                TIM8_TRG_COM_IRQHandler
                0x0800748c                TIM8_CC_IRQHandler
                0x0800748c                DebugMon_Handler
                0x0800748c                TIM1_CC_IRQHandler
                0x0800748c                HardFault_Handler
                0x0800748c                TIM6_IRQHandler
                0x0800748c                PVD_IRQHandler
                0x0800748c                SDIO_IRQHandler
                0x0800748c                NMI_Handler
                0x0800748c                EXTI3_IRQHandler
                0x0800748c                USB_HP_CAN_TX_IRQHandler
                0x0800748c                EXTI0_IRQHandler
                0x0800748c                I2C2_EV_IRQHandler
                0x0800748c                UsageFault_Handler
                0x0800748c                ADC1_2_IRQHandler
                0x0800748c                SPI1_IRQHandler
                0x0800748c                CAN_SCE_IRQHandler
                0x0800748c                TAMPER_IRQHandler
                0x0800748c                TIM8_UP_IRQHandler
                0x0800748c                DMA2_Channel2_IRQHandler
                0x0800748c                DMA1_Channel4_IRQHandler
                0x0800748c                USART3_IRQHandler
                0x0800748c                RTC_IRQHandler
                0x0800748c                DMA1_Channel7_IRQHandler
                0x0800748c                UART5_IRQHandler
                0x0800748c                ADC3_IRQHandler
                0x0800748c                CAN_RX1_IRQHandler
                0x0800748c                DMA2_Channel1_IRQHandler
                0x0800748c                I2C1_EV_IRQHandler
                0x0800748c                DMA1_Channel6_IRQHandler
                0x0800748c                UART4_IRQHandler
                0x0800748c                RCC_IRQHandler
                0x0800748c                TIM1_TRG_COM_IRQHandler
                0x0800748c                Default_Handler
                0x0800748c                EXTI15_10_IRQHandler
                0x0800748c                TIM7_IRQHandler
                0x0800748c                TIM5_IRQHandler
                0x0800748c                SPI2_IRQHandler
                0x0800748c                MemManage_Handler
                0x0800748c                DMA1_Channel5_IRQHandler
                0x0800748c                EXTI4_IRQHandler
                0x0800748c                DMA1_Channel3_IRQHandler
                0x0800748c                FSMC_IRQHandler
                0x0800748c                TIM1_UP_IRQHandler
                0x0800748c                WWDG_IRQHandler
                0x0800748c                TIM1_BRK_IRQHandler
                0x0800748c                EXTI1_IRQHandler
                0x0800748c                RTCAlarm_IRQHandler
                0x0800748c                DMA2_Channel4_5_IRQHandler
                0x0800748c                USART2_IRQHandler
                0x0800748c                I2C2_ER_IRQHandler
                0x0800748c                DMA1_Channel2_IRQHandler
                0x0800748c                TIM8_BRK_IRQHandler
                0x0800748c                FLASH_IRQHandler
                0x0800748c                BusFault_Handler
                0x0800748c                USART1_IRQHandler
                0x0800748c                SPI3_IRQHandler
                0x0800748c                I2C1_ER_IRQHandler
                0x0800748c                DMA2_Channel3_IRQHandler
 *fill*         0x0800748e        0x2 
 .text.__libc_init_array
                0x08007490       0x48 C:/ST/STM32CubeIDE_2.0.0/STM32CubeIDE/plugins/com.st.stm32cube.ide.mcu.externaltools.gnu-tools-for-stm32.13.3.rel1.win32_1.0.100.202509120712/tools/bin/../lib/gcc/arm-none-eabi/13.3.1/../../../../arm-none-eabi/lib/thumb/v7-m/nofp\libc_nano.a(libc_a-init.o)
                0x08007490                __libc_init_array
 *(.glue_7)
 .glue_7        0x080074d8        0x0 linker stubs
 *(.glue_7t)
 .glue_7t       0x080074d8        0x0 linker stubs
 *(.eh_frame)
 .eh_frame      0x080074d8        0x0 C:/ST/STM32CubeIDE_2.0.0/STM32CubeIDE/plugins/com.st.stm32cube.ide.mcu.externaltools.gnu-tools-for-stm32.13.3.rel1.win32_1.0.100.202509120712/tools/bin/../lib/gcc/arm-none-eabi/13.3.1/thumb/v7-m/nofp/crtbegin.o
 *(.init)
 .init          0x080074d8        0x4 C:/ST/STM32CubeIDE_2.0.0/STM32CubeIDE/plugins/com.st.stm32cube.ide.mcu.externaltools.gnu-tools-for-stm32.13.3.rel1.win32_1.0.100.202509120712/tools/bin/../lib/gcc/arm-none-eabi/13.3.1/thumb/v7-m/nofp/crti.o
                0x080074d8                _init
 .init          0x080074dc        0x8 C:/ST/STM32CubeIDE_2.0.0/STM32CubeIDE/plugins/com.st.stm32cube.ide.mcu.externaltools.gnu-tools-for-stm32.13.3.rel1.win32_1.0.100.202509120712/tools/bin/../lib/gcc/arm-none-eabi/13.3.1/thumb/v7-m/nofp/crtn.o
 *(.fini)
 .fini          0x080074e4        0x4 C:/ST/STM32CubeIDE_2.0.0/STM32CubeIDE/plugins/com.st.stm32cube.ide.mcu.externaltools.gnu-tools-for-stm32.13.3.rel1.win32_1.0.100.202509120712/tools/bin/../lib/gcc/arm-none-eabi/13.3.1/thumb/v7-m/nofp/crti.o
                0x080074e4                _fini
 .fini          0x080074e8        0x8 C:/ST/STM32CubeIDE_2.0.0/STM32CubeIDE/plugins/com.st.stm32cube.ide.mcu.externaltools.gnu-tools-for-stm32.13.3.rel1.win32_1.0.100.202509120712/tools/bin/../lib/gcc/arm-none-eabi/13.3.1/thumb/v7-m/nofp/crtn.o
                0x080074f0                        . = ALIGN (0x4)
                0x080074f0                        _etext = .

.vfp11_veneer   0x080074f0        0x0
 .vfp11_veneer  0x080074f0        0x0 linker stubs

.v4_bx          0x080074f0        0x0
 .v4_bx         0x080074f0        0x0 linker stubs

.iplt           0x080074f0        0x0
 .iplt          0x080074f0        0x0 C:/ST/STM32CubeIDE_2.0.0/STM32CubeIDE/plugins/com.st.stm32cube.ide.mcu.externaltools.gnu-tools-for-stm32.13.3.rel1.win32_1.0.100.202509120712/tools/bin/../lib/gcc/arm-none-eabi/13.3.1/thumb/v7-m/nofp/crtbegin.o

.rodata         0x080074f0       0x78
                0x080074f0                        . = ALIGN (0x4)
 *(.rodata)
 .rodata        0x080074f0       0x10 ./Drivers/STM32F1xx_HAL_Driver/Src/stm32f1xx_hal_rcc.o
 .rodata        0x08007500        0xd ./Src/adc.o
 *fill*         0x0800750d        0x3 
 .rodata        0x08007510        0xd ./Src/can.o
 *fill*         0x0800751d        0x3 
 .rodata        0x08007520        0xe ./Src/main.o
 *fill*         0x0800752e        0x2 
 .rodata        0x08007530        0xd ./Src/tim.o
 *fill*         0x0800753d        0x3 
 .rodata        0x08007540        0xf ./Src/usart.o
 *(.rodata*)
 *fill*         0x0800754f        0x1 
 .rodata.AHBPrescTable
                0x08007550       0x10 ./Src/system_stm32f1xx.o
                0x08007550                AHBPrescTable
 .rodata.APBPrescTable
                0x08007560        0x8 ./Src/system_stm32f1xx.o
                0x08007560                APBPrescTable
                0x08007568                        . = ALIGN (0x4)

.ARM.extab      0x08007568        0x0
                0x08007568                        . = ALIGN (0x4)
 *(.ARM.extab* .gnu.linkonce.armextab.*)
                0x08007568                        . = ALIGN (0x4)

.ARM            0x08007568        0x8
                0x08007568                        . = ALIGN (0x4)
                0x08007568                        __exidx_start = .
 *(.ARM.exidx*)
 .ARM.exidx     0x08007568        0x8 C:/ST/STM32CubeIDE_2.0.0/STM32CubeIDE/plugins/com.st.stm32cube.ide.mcu.externaltools.gnu-tools-for-stm32.13.3.rel1.win32_1.0.100.202509120712/tools/bin/../lib/gcc/arm-none-eabi/13.3.1/thumb/v7-m/nofp\libgcc.a(_udivmoddi4.o)
                0x08007570                        __exidx_end = .
                0x08007570                        . = ALIGN (0x4)

.rel.dyn        0x08007570        0x0
 .rel.iplt      0x08007570        0x0 C:/ST/STM32CubeIDE_2.0.0/STM32CubeIDE/plugins/com.st.stm32cube.ide.mcu.externaltools.gnu-tools-for-stm32.13.3.rel1.win32_1.0.100.202509120712/tools/bin/../lib/gcc/arm-none-eabi/13.3.1/thumb/v7-m/nofp/crtbegin.o

.preinit_array  0x08007570        0x0
                0x08007570                        . = ALIGN (0x4)
                0x08007570                        PROVIDE (__preinit_array_start = .)
 *(.preinit_array*)
                0x08007570                        PROVIDE (__preinit_array_end = .)
                0x08007570                        . = ALIGN (0x4)

.init_array     0x08007570        0x4
                0x08007570                        . = ALIGN (0x4)
                0x08007570                        PROVIDE (__init_array_start = .)
 *(SORT_BY_NAME(.init_array.*))
 *(.init_array*)
 .init_array    0x08007570        0x4 C:/ST/STM32CubeIDE_2.0.0/STM32CubeIDE/plugins/com.st.stm32cube.ide.mcu.externaltools.gnu-tools-for-stm32.13.3.rel1.win32_1.0.100.202509120712/tools/bin/../lib/gcc/arm-none-eabi/13.3.1/thumb/v7-m/nofp/crtbegin.o
                0x08007574                        PROVIDE (__init_array_end = .)
                0x08007574                        . = ALIGN (0x4)

.fini_array     0x08007574        0x4
                0x08007574                        . = ALIGN (0x4)
                [!provide]                        PROVIDE (__fini_array_start = .)
 *(SORT_BY_NAME(.fini_array.*))
 *(.fini_array*)
 .fini_array    0x08007574        0x4 C:/ST/STM32CubeIDE_2.0.0/STM32CubeIDE/plugins/com.st.stm32cube.ide.mcu.externaltools.gnu-tools-for-stm32.13.3.rel1.win32_1.0.100.202509120712/tools/bin/../lib/gcc/arm-none-eabi/13.3.1/thumb/v7-m/nofp/crtbegin.o
                [!provide]                        PROVIDE (__fini_array_end = .)
                0x08007578                        . = ALIGN (0x4)
                0x08007578                        _sidata = LOADADDR (.data)

.data           0x20000000       0x40 load address 0x08007578
                0x20000000                        . = ALIGN (0x4)
                0x20000000                        _sdata = .
 *(.data)
 *(.data*)
 .data.mode     0x20000000        0x4 ./Src/main.o
                0x20000000                mode
 .data.UPDATE_CMD_FLAG
                0x20000004        0x4 ./Src/main.o
                0x20000004                UPDATE_CMD_FLAG
 .data.US_FLAG  0x20000008        0x4 ./Src/main.o
                0x20000008                US_FLAG
 .data.CAN_SEND_MOTORS
                0x2000000c        0x4 ./Src/main.o
                0x2000000c                CAN_SEND_MOTORS
 .data.CAN_SEND_BATT
                0x20000010        0x4 ./Src/main.o
                0x20000010                CAN_SEND_BATT
 .data.usEchoStart
                0x20000014        0x4 ./Src/main.o
                0x20000014                usEchoStart
 .data.usTriggerPin
                0x20000018        0xc ./Src/main.o
                0x20000018                usTriggerPin
 .data.data     0x20000024        0x8 ./Src/main.o
                0x20000024                data
 .data.leftRearSpeed
                0x2000002c        0x4 ./Src/main.o
                0x2000002c                leftRearSpeed
 .data.rightRearSpeed
                0x20000030        0x4 ./Src/main.o
                0x20000030                rightRearSpeed
 .data.steeringSpeed
                0x20000034        0x4 ./Src/main.o
                0x20000034                steeringSpeed
 .data.need_read_calibration
                0x20000038        0x4 ./Src/steering.o
                0x20000038                need_read_calibration
 .data.SystemCoreClock
                0x2000003c        0x4 ./Src/system_stm32f1xx.o
                0x2000003c                SystemCoreClock
 *(.RamFunc)
 *(.RamFunc*)
                0x20000040                        . = ALIGN (0x4)
                0x20000040                        _edata = .

.igot.plt       0x20000040        0x0 load address 0x080075b8
 .igot.plt      0x20000040        0x0 C:/ST/STM32CubeIDE_2.0.0/STM32CubeIDE/plugins/com.st.stm32cube.ide.mcu.externaltools.gnu-tools-for-stm32.13.3.rel1.win32_1.0.100.202509120712/tools/bin/../lib/gcc/arm-none-eabi/13.3.1/thumb/v7-m/nofp/crtbegin.o
                0x20000040                        . = ALIGN (0x4)

.bss            0x20000040      0x310 load address 0x080075b8
                0x20000040                        _sbss = .
                0x20000040                        __bss_start__ = _sbss
 *(.bss)
 .bss           0x20000040       0x1c C:/ST/STM32CubeIDE_2.0.0/STM32CubeIDE/plugins/com.st.stm32cube.ide.mcu.externaltools.gnu-tools-for-stm32.13.3.rel1.win32_1.0.100.202509120712/tools/bin/../lib/gcc/arm-none-eabi/13.3.1/thumb/v7-m/nofp/crtbegin.o
 *(.bss*)
 .bss.uwTick    0x2000005c        0x4 ./Drivers/STM32F1xx_HAL_Driver/Src/stm32f1xx_hal.o
                0x2000005c                uwTick
 .bss.pFlash    0x20000060       0x20 ./Drivers/STM32F1xx_HAL_Driver/Src/stm32f1xx_hal_flash.o
                0x20000060                pFlash
 .bss.bytes_temp
                0x20000080        0x4 ./Src/FLASH_PAGE_F1.o
                0x20000080                bytes_temp
 .bss.EraseInitStruct.0
                0x20000084       0x10 ./Src/FLASH_PAGE_F1.o
 .bss.hadc1     0x20000094       0x30 ./Src/adc.o
                0x20000094                hadc1
 .bss.hdma_adc1
                0x200000c4       0x44 ./Src/adc.o
                0x200000c4                hdma_adc1
 .bss.hcan      0x20000108       0x44 ./Src/can.o
                0x20000108                hcan
 .bss.CAN_SEND_US
                0x2000014c        0x4 ./Src/main.o
                0x2000014c                CAN_SEND_US
 .bss.ADCBUF    0x20000150       0x14 ./Src/main.o
                0x20000150                ADCBUF
 .bss.VMG_mes   0x20000164        0x4 ./Src/main.o
                0x20000164                VMG_mes
 .bss.VMD_mes   0x20000168        0x4 ./Src/main.o
                0x20000168                VMD_mes
 .bss.per_vitesseG
                0x2000016c        0x4 ./Src/main.o
                0x2000016c                per_vitesseG
 .bss.per_vitesseD
                0x20000170        0x4 ./Src/main.o
                0x20000170                per_vitesseD
 .bss.nbImpulsionG
                0x20000174        0x4 ./Src/main.o
                0x20000174                nbImpulsionG
 .bss.nbImpulsionD
                0x20000178        0x4 ./Src/main.o
                0x20000178                nbImpulsionD
 .bss.usEchoReceived
                0x2000017c        0x4 ./Src/main.o
                0x2000017c                usEchoReceived
 .bss.usEchoRisingTime
                0x20000180        0x8 ./Src/main.o
                0x20000180                usEchoRisingTime
 .bss.usEchoDuration
                0x20000188        0x8 ./Src/main.o
                0x20000188                usEchoDuration
 .bss.currentUs
                0x20000190        0x4 ./Src/main.o
                0x20000190                currentUs
 .bss.usDistance
                0x20000194        0xc ./Src/main.o
                0x20000194                usDistance
 .bss.TxMessage
                0x200001a0       0x1c ./Src/main.o
                0x200001a0                TxMessage
 .bss.RxMessage
                0x200001bc       0x24 ./Src/main.o
                0x200001bc                RxMessage
 .bss.commCheckingRequest
                0x200001e0        0x4 ./Src/main.o
                0x200001e0                commCheckingRequest
 .bss.steering_sensor_coef_a
                0x200001e4        0x4 ./Src/steering.o
                0x200001e4                steering_sensor_coef_a
 .bss.steering_sensor_coef_b
                0x200001e8        0x4 ./Src/steering.o
                0x200001e8                steering_sensor_coef_b
 .bss.previous_value_right.1
                0x200001ec        0x4 ./Src/steering.o
 .bss.previous_value_left.0
                0x200001f0        0x4 ./Src/steering.o
 .bss.cmpt_can_motors.2
                0x200001f4        0x4 ./Src/stm32f1xx_it.o
 .bss.cmpt_us.1
                0x200001f8        0x4 ./Src/stm32f1xx_it.o
 .bss.cmpt_batt.0
                0x200001fc        0x4 ./Src/stm32f1xx_it.o
 .bss.htim1     0x20000200       0x40 ./Src/tim.o
                0x20000200                htim1
 .bss.htim2     0x20000240       0x40 ./Src/tim.o
                0x20000240                htim2
 .bss.htim3     0x20000280       0x40 ./Src/tim.o
                0x20000280                htim3
 .bss.htim4     0x200002c0       0x40 ./Src/tim.o
                0x200002c0                htim4
 .bss.timerOverflow
                0x20000300        0x8 ./Src/timer.o
                0x20000300                timerOverflow
 .bss.microSecondTime
                0x20000308        0x8 ./Src/timer.o
                0x20000308                microSecondTime
 .bss.huart2    0x20000310       0x40 ./Src/usart.o
                0x20000310                huart2
 *(COMMON)
                0x20000350                        . = ALIGN (0x4)
                0x20000350                        _ebss = .
                0x20000350                        __bss_end__ = _ebss

._user_heap_stack
                0x20000350      0x600 load address 0x080075b8
                0x20000350                        . = ALIGN (0x8)
                0x20000350                        PROVIDE (end = .)
                [!provide]                        PROVIDE (_end = .)
                0x20000550                        . = (. + _Min_Heap_Size)
 *fill*         0x20000350      0x200 
                0x20000950                        . = (. + _Min_Stack_Size)
 *fill*         0x20000550      0x400 
                0x20000950                        . = ALIGN (0x8)

/DISCARD/
 libc.a(*)
 libm.a(*)
 libgcc.a(*)

.ARM.attributes
                0x00000000       0x29
 *(.ARM.attributes)
 .ARM.attributes
                0x00000000       0x1d C:/ST/STM32CubeIDE_2.0.0/STM32CubeIDE/plugins/com.st.stm32cube.ide.mcu.externaltools.gnu-tools-for-stm32.13.3.rel1.win32_1.0.100.202509120712/tools/bin/../lib/gcc/arm-none-eabi/13.3.1/thumb/v7-m/nofp/crti.o
 .ARM.attributes
                0x0000001d       0x2d C:/ST/STM32CubeIDE_2.0.0/STM32CubeIDE/plugins/com.st.stm32cube.ide.mcu.externaltools.gnu-tools-for-stm32.13.3.rel1.win32_1.0.100.202509120712/tools/bin/../lib/gcc/arm-none-eabi/13.3.1/thumb/v7-m/nofp/crtbegin.o
 .ARM.attributes
                0x0000004a       0x2d ./Drivers/STM32F1xx_HAL_Driver/Src/stm32f1xx_hal.o
 .ARM.attributes
                0x00000077       0x2d ./Drivers/STM32F1xx_HAL_Driver/Src/stm32f1xx_hal_adc.o
 .ARM.attributes
                0x000000a4       0x2d ./Drivers/STM32F1xx_HAL_Driver/Src/stm32f1xx_hal_can.o
 .ARM.attributes
                0x000000d1       0x2d ./Drivers/STM32F1xx_HAL_Driver/Src/stm32f1xx_hal_cortex.o
 .ARM.attributes
                0x000000fe       0x2d ./Drivers/STM32F1xx_HAL_Driver/Src/stm32f1xx_hal_dma.o
 .ARM.attributes
                0x0000012b       0x2d ./Drivers/STM32F1xx_HAL_Driver/Src/stm32f1xx_hal_flash.o
 .ARM.attributes
                0x00000158       0x2d ./Drivers/STM32F1xx_HAL_Driver/Src/stm32f1xx_hal_flash_ex.o
 .ARM.attributes
                0x00000185       0x2d ./Drivers/STM32F1xx_HAL_Driver/Src/stm32f1xx_hal_gpio.o
 .ARM.attributes
                0x000001b2       0x2d ./Drivers/STM32F1xx_HAL_Driver/Src/stm32f1xx_hal_rcc.o
 .ARM.attributes
                0x000001df       0x2d ./Drivers/STM32F1xx_HAL_Driver/Src/stm32f1xx_hal_rcc_ex.o
 .ARM.attributes
                0x0000020c       0x2d ./Drivers/STM32F1xx_HAL_Driver/Src/stm32f1xx_hal_tim.o
 .ARM.attributes
                0x00000239       0x2d ./Drivers/STM32F1xx_HAL_Driver/Src/stm32f1xx_hal_tim_ex.o
 .ARM.attributes
                0x00000266       0x2d ./Drivers/STM32F1xx_HAL_Driver/Src/stm32f1xx_hal_uart.o
 .ARM.attributes
                0x00000293       0x2d ./Src/FLASH_PAGE_F1.o
 .ARM.attributes
                0x000002c0       0x2d ./Src/adc.o
 .ARM.attributes
                0x000002ed       0x2d ./Src/calibrate.o
 .ARM.attributes
                0x0000031a       0x2d ./Src/can.o
 .ARM.attributes
                0x00000347       0x2d ./Src/control.o
 .ARM.attributes
                0x00000374       0x2d ./Src/dma.o
 .ARM.attributes
                0x000003a1       0x2d ./Src/gpio.o
 .ARM.attributes
                0x000003ce       0x2d ./Src/main.o
 .ARM.attributes
                0x000003fb       0x2d ./Src/power.o
 .ARM.attributes
                0x00000428       0x2d ./Src/steering.o
 .ARM.attributes
                0x00000455       0x2d ./Src/stm32f1xx_hal_msp.o
 .ARM.attributes
                0x00000482       0x2d ./Src/stm32f1xx_it.o
 .ARM.attributes
                0x000004af       0x2d ./Src/system_stm32f1xx.o
 .ARM.attributes
                0x000004dc       0x2d ./Src/tim.o
 .ARM.attributes
                0x00000509       0x2d ./Src/timer.o
 .ARM.attributes
                0x00000536       0x2d ./Src/usart.o
 .ARM.attributes
                0x00000563       0x2d ./Src/wheels.o
 .ARM.attributes
                0x00000590       0x21 ./Startup/startup_stm32f103rbtx.o
 .ARM.attributes
                0x000005b1       0x2d C:/ST/STM32CubeIDE_2.0.0/STM32CubeIDE/plugins/com.st.stm32cube.ide.mcu.externaltools.gnu-tools-for-stm32.13.3.rel1.win32_1.0.100.202509120712/tools/bin/../lib/gcc/arm-none-eabi/13.3.1/../../../../arm-none-eabi/lib/thumb/v7-m/nofp\libc_nano.a(libc_a-init.o)
 .ARM.attributes
                0x000005de       0x1d C:/ST/STM32CubeIDE_2.0.0/STM32CubeIDE/plugins/com.st.stm32cube.ide.mcu.externaltools.gnu-tools-for-stm32.13.3.rel1.win32_1.0.100.202509120712/tools/bin/../lib/gcc/arm-none-eabi/13.3.1/thumb/v7-m/nofp\libgcc.a(_arm_addsubdf3.o)
 .ARM.attributes
                0x000005fb       0x1d C:/ST/STM32CubeIDE_2.0.0/STM32CubeIDE/plugins/com.st.stm32cube.ide.mcu.externaltools.gnu-tools-for-stm32.13.3.rel1.win32_1.0.100.202509120712/tools/bin/../lib/gcc/arm-none-eabi/13.3.1/thumb/v7-m/nofp\libgcc.a(_arm_muldivdf3.o)
 .ARM.attributes
                0x00000618       0x1d C:/ST/STM32CubeIDE_2.0.0/STM32CubeIDE/plugins/com.st.stm32cube.ide.mcu.externaltools.gnu-tools-for-stm32.13.3.rel1.win32_1.0.100.202509120712/tools/bin/../lib/gcc/arm-none-eabi/13.3.1/thumb/v7-m/nofp\libgcc.a(_arm_fixdfsi.o)
 .ARM.attributes
                0x00000635       0x1d C:/ST/STM32CubeIDE_2.0.0/STM32CubeIDE/plugins/com.st.stm32cube.ide.mcu.externaltools.gnu-tools-for-stm32.13.3.rel1.win32_1.0.100.202509120712/tools/bin/../lib/gcc/arm-none-eabi/13.3.1/thumb/v7-m/nofp\libgcc.a(_arm_addsubsf3.o)
 .ARM.attributes
                0x00000652       0x1d C:/ST/STM32CubeIDE_2.0.0/STM32CubeIDE/plugins/com.st.stm32cube.ide.mcu.externaltools.gnu-tools-for-stm32.13.3.rel1.win32_1.0.100.202509120712/tools/bin/../lib/gcc/arm-none-eabi/13.3.1/thumb/v7-m/nofp\libgcc.a(_arm_muldivsf3.o)
 .ARM.attributes
                0x0000066f       0x1d C:/ST/STM32CubeIDE_2.0.0/STM32CubeIDE/plugins/com.st.stm32cube.ide.mcu.externaltools.gnu-tools-for-stm32.13.3.rel1.win32_1.0.100.202509120712/tools/bin/../lib/gcc/arm-none-eabi/13.3.1/thumb/v7-m/nofp\libgcc.a(_arm_cmpsf2.o)
 .ARM.attributes
                0x0000068c       0x1d C:/ST/STM32CubeIDE_2.0.0/STM32CubeIDE/plugins/com.st.stm32cube.ide.mcu.externaltools.gnu-tools-for-stm32.13.3.rel1.win32_1.0.100.202509120712/tools/bin/../lib/gcc/arm-none-eabi/13.3.1/thumb/v7-m/nofp\libgcc.a(_arm_fixsfsi.o)
 .ARM.attributes
                0x000006a9       0x1d C:/ST/STM32CubeIDE_2.0.0/STM32CubeIDE/plugins/com.st.stm32cube.ide.mcu.externaltools.gnu-tools-for-stm32.13.3.rel1.win32_1.0.100.202509120712/tools/bin/../lib/gcc/arm-none-eabi/13.3.1/thumb/v7-m/nofp\libgcc.a(_aeabi_uldivmod.o)
 .ARM.attributes
                0x000006c6       0x2d C:/ST/STM32CubeIDE_2.0.0/STM32CubeIDE/plugins/com.st.stm32cube.ide.mcu.externaltools.gnu-tools-for-stm32.13.3.rel1.win32_1.0.100.202509120712/tools/bin/../lib/gcc/arm-none-eabi/13.3.1/thumb/v7-m/nofp\libgcc.a(_udivmoddi4.o)
 .ARM.attributes
                0x000006f3       0x1d C:/ST/STM32CubeIDE_2.0.0/STM32CubeIDE/plugins/com.st.stm32cube.ide.mcu.externaltools.gnu-tools-for-stm32.13.3.rel1.win32_1.0.100.202509120712/tools/bin/../lib/gcc/arm-none-eabi/13.3.1/thumb/v7-m/nofp\libgcc.a(_dvmd_tls.o)
 .ARM.attributes
                0x00000710       0x1d C:/ST/STM32CubeIDE_2.0.0/STM32CubeIDE/plugins/com.st.stm32cube.ide.mcu.externaltools.gnu-tools-for-stm32.13.3.rel1.win32_1.0.100.202509120712/tools/bin/../lib/gcc/arm-none-eabi/13.3.1/thumb/v7-m/nofp/crtn.o
OUTPUT(F103.elf elf32-littlearm)
LOAD linker stubs
LOAD C:/ST/STM32CubeIDE_2.0.0/STM32CubeIDE/plugins/com.st.stm32cube.ide.mcu.externaltools.gnu-tools-for-stm32.13.3.rel1.win32_1.0.100.202509120712/tools/bin/../lib/gcc/arm-none-eabi/13.3.1/../../../../arm-none-eabi/lib/thumb/v7-m/nofp\libc.a
LOAD C:/ST/STM32CubeIDE_2.0.0/STM32CubeIDE/plugins/com.st.stm32cube.ide.mcu.externaltools.gnu-tools-for-stm32.13.3.rel1.win32_1.0.100.202509120712/tools/bin/../lib/gcc/arm-none-eabi/13.3.1/../../../../arm-none-eabi/lib/thumb/v7-m/nofp\libm.a
LOAD C:/ST/STM32CubeIDE_2.0.0/STM32CubeIDE/plugins/com.st.stm32cube.ide.mcu.externaltools.gnu-tools-for-stm32.13.3.rel1.win32_1.0.100.202509120712/tools/bin/../lib/gcc/arm-none-eabi/13.3.1/thumb/v7-m/nofp\libgcc.a

.debug_info     0x00000000     0xfd02
 .debug_info    0x00000000      0x617 ./Drivers/STM32F1xx_HAL_Driver/Src/stm32f1xx_hal.o
 .debug_info    0x00000617      0xc25 ./Drivers/STM32F1xx_HAL_Driver/Src/stm32f1xx_hal_adc.o
 .debug_info    0x0000123c      0xb14 ./Drivers/STM32F1xx_HAL_Driver/Src/stm32f1xx_hal_can.o
 .debug_info    0x00001d50      0xa7c ./Drivers/STM32F1xx_HAL_Driver/Src/stm32f1xx_hal_cortex.o
 .debug_info    0x000027cc      0x6d4 ./Drivers/STM32F1xx_HAL_Driver/Src/stm32f1xx_hal_dma.o
 .debug_info    0x00002ea0      0x4ea ./Drivers/STM32F1xx_HAL_Driver/Src/stm32f1xx_hal_flash.o
 .debug_info    0x0000338a      0x77e ./Drivers/STM32F1xx_HAL_Driver/Src/stm32f1xx_hal_flash_ex.o
 .debug_info    0x00003b08      0x5bb ./Drivers/STM32F1xx_HAL_Driver/Src/stm32f1xx_hal_gpio.o
 .debug_info    0x000040c3      0x7ff ./Drivers/STM32F1xx_HAL_Driver/Src/stm32f1xx_hal_rcc.o
 .debug_info    0x000048c2      0x3b7 ./Drivers/STM32F1xx_HAL_Driver/Src/stm32f1xx_hal_rcc_ex.o
 .debug_info    0x00004c79     0x21ac ./Drivers/STM32F1xx_HAL_Driver/Src/stm32f1xx_hal_tim.o
 .debug_info    0x00006e25      0xfcd ./Drivers/STM32F1xx_HAL_Driver/Src/stm32f1xx_hal_tim_ex.o
 .debug_info    0x00007df2     0x117e ./Drivers/STM32F1xx_HAL_Driver/Src/stm32f1xx_hal_uart.o
 .debug_info    0x00008f70      0x4e1 ./Src/FLASH_PAGE_F1.o
 .debug_info    0x00009451      0x7eb ./Src/adc.o
 .debug_info    0x00009c3c      0x323 ./Src/calibrate.o
 .debug_info    0x00009f5f      0xc6b ./Src/can.o
 .debug_info    0x0000abca      0x124 ./Src/control.o
 .debug_info    0x0000acee      0x2d6 ./Src/dma.o
 .debug_info    0x0000afc4      0x455 ./Src/gpio.o
 .debug_info    0x0000b419     0x15f1 ./Src/main.o
 .debug_info    0x0000ca0a      0x189 ./Src/power.o
 .debug_info    0x0000cb93      0x3e4 ./Src/steering.o
 .debug_info    0x0000cf77      0x343 ./Src/stm32f1xx_hal_msp.o
 .debug_info    0x0000d2ba      0xbcf ./Src/stm32f1xx_it.o
 .debug_info    0x0000de89      0x3f4 ./Src/system_stm32f1xx.o
 .debug_info    0x0000e27d      0xe22 ./Src/tim.o
 .debug_info    0x0000f09f      0x22a ./Src/timer.o
 .debug_info    0x0000f2c9      0x74d ./Src/usart.o
 .debug_info    0x0000fa16      0x2bc ./Src/wheels.o
 .debug_info    0x0000fcd2       0x30 ./Startup/startup_stm32f103rbtx.o

.debug_abbrev   0x00000000     0x388a
 .debug_abbrev  0x00000000      0x21c ./Drivers/STM32F1xx_HAL_Driver/Src/stm32f1xx_hal.o
 .debug_abbrev  0x0000021c      0x224 ./Drivers/STM32F1xx_HAL_Driver/Src/stm32f1xx_hal_adc.o
 .debug_abbrev  0x00000440      0x228 ./Drivers/STM32F1xx_HAL_Driver/Src/stm32f1xx_hal_can.o
 .debug_abbrev  0x00000668      0x2dc ./Drivers/STM32F1xx_HAL_Driver/Src/stm32f1xx_hal_cortex.o
 .debug_abbrev  0x00000944      0x20b ./Drivers/STM32F1xx_HAL_Driver/Src/stm32f1xx_hal_dma.o
 .debug_abbrev  0x00000b4f      0x233 ./Drivers/STM32F1xx_HAL_Driver/Src/stm32f1xx_hal_flash.o
 .debug_abbrev  0x00000d82      0x247 ./Drivers/STM32F1xx_HAL_Driver/Src/stm32f1xx_hal_flash_ex.o
 .debug_abbrev  0x00000fc9      0x1d3 ./Drivers/STM32F1xx_HAL_Driver/Src/stm32f1xx_hal_gpio.o
 .debug_abbrev  0x0000119c      0x2bf ./Drivers/STM32F1xx_HAL_Driver/Src/stm32f1xx_hal_rcc.o
 .debug_abbrev  0x0000145b      0x188 ./Drivers/STM32F1xx_HAL_Driver/Src/stm32f1xx_hal_rcc_ex.o
 .debug_abbrev  0x000015e3      0x284 ./Drivers/STM32F1xx_HAL_Driver/Src/stm32f1xx_hal_tim.o
 .debug_abbrev  0x00001867      0x25c ./Drivers/STM32F1xx_HAL_Driver/Src/stm32f1xx_hal_tim_ex.o
 .debug_abbrev  0x00001ac3      0x270 ./Drivers/STM32F1xx_HAL_Driver/Src/stm32f1xx_hal_uart.o
 .debug_abbrev  0x00001d33      0x20d ./Src/FLASH_PAGE_F1.o
 .debug_abbrev  0x00001f40      0x1d1 ./Src/adc.o
 .debug_abbrev  0x00002111      0x190 ./Src/calibrate.o
 .debug_abbrev  0x000022a1      0x24f ./Src/can.o
 .debug_abbrev  0x000024f0       0xa0 ./Src/control.o
 .debug_abbrev  0x00002590       0xfc ./Src/dma.o
 .debug_abbrev  0x0000268c      0x161 ./Src/gpio.o
 .debug_abbrev  0x000027ed      0x35e ./Src/main.o
 .debug_abbrev  0x00002b4b       0xe2 ./Src/power.o
 .debug_abbrev  0x00002c2d      0x1c2 ./Src/steering.o
 .debug_abbrev  0x00002def      0x111 ./Src/stm32f1xx_hal_msp.o
 .debug_abbrev  0x00002f00      0x205 ./Src/stm32f1xx_it.o
 .debug_abbrev  0x00003105      0x13f ./Src/system_stm32f1xx.o
 .debug_abbrev  0x00003244      0x2a1 ./Src/tim.o
 .debug_abbrev  0x000034e5       0xcd ./Src/timer.o
 .debug_abbrev  0x000035b2      0x1be ./Src/usart.o
 .debug_abbrev  0x00003770       0xf6 ./Src/wheels.o
 .debug_abbrev  0x00003866       0x24 ./Startup/startup_stm32f103rbtx.o

.debug_aranges  0x00000000     0x1050
 .debug_aranges
                0x00000000       0xb8 ./Drivers/STM32F1xx_HAL_Driver/Src/stm32f1xx_hal.o
 .debug_aranges
                0x000000b8       0xf0 ./Drivers/STM32F1xx_HAL_Driver/Src/stm32f1xx_hal_adc.o
 .debug_aranges
                0x000001a8       0xb0 ./Drivers/STM32F1xx_HAL_Driver/Src/stm32f1xx_hal_can.o
 .debug_aranges
                0x00000258      0x100 ./Drivers/STM32F1xx_HAL_Driver/Src/stm32f1xx_hal_cortex.o
 .debug_aranges
                0x00000358       0x80 ./Drivers/STM32F1xx_HAL_Driver/Src/stm32f1xx_hal_dma.o
 .debug_aranges
                0x000003d8       0x88 ./Drivers/STM32F1xx_HAL_Driver/Src/stm32f1xx_hal_flash.o
 .debug_aranges
                0x00000460       0x98 ./Drivers/STM32F1xx_HAL_Driver/Src/stm32f1xx_hal_flash_ex.o
 .debug_aranges
                0x000004f8       0x58 ./Drivers/STM32F1xx_HAL_Driver/Src/stm32f1xx_hal_gpio.o
 .debug_aranges
                0x00000550       0x90 ./Drivers/STM32F1xx_HAL_Driver/Src/stm32f1xx_hal_rcc.o
 .debug_aranges
                0x000005e0       0x30 ./Drivers/STM32F1xx_HAL_Driver/Src/stm32f1xx_hal_rcc_ex.o
 .debug_aranges
                0x00000610      0x368 ./Drivers/STM32F1xx_HAL_Driver/Src/stm32f1xx_hal_tim.o
 .debug_aranges
                0x00000978      0x138 ./Drivers/STM32F1xx_HAL_Driver/Src/stm32f1xx_hal_tim_ex.o
 .debug_aranges
                0x00000ab0      0x1d0 ./Drivers/STM32F1xx_HAL_Driver/Src/stm32f1xx_hal_uart.o
 .debug_aranges
                0x00000c80       0x58 ./Src/FLASH_PAGE_F1.o
 .debug_aranges
                0x00000cd8       0x30 ./Src/adc.o
 .debug_aranges
                0x00000d08       0x28 ./Src/calibrate.o
 .debug_aranges
                0x00000d30       0x58 ./Src/can.o
 .debug_aranges
                0x00000d88       0x20 ./Src/control.o
 .debug_aranges
                0x00000da8       0x20 ./Src/dma.o
 .debug_aranges
                0x00000dc8       0x20 ./Src/gpio.o
 .debug_aranges
                0x00000de8       0x50 ./Src/main.o
 .debug_aranges
                0x00000e38       0x28 ./Src/power.o
 .debug_aranges
                0x00000e60       0x40 ./Src/steering.o
 .debug_aranges
                0x00000ea0       0x20 ./Src/stm32f1xx_hal_msp.o
 .debug_aranges
                0x00000ec0       0x60 ./Src/stm32f1xx_it.o
 .debug_aranges
                0x00000f20       0x28 ./Src/system_stm32f1xx.o
 .debug_aranges
                0x00000f48       0x60 ./Src/tim.o
 .debug_aranges
                0x00000fa8       0x30 ./Src/timer.o
 .debug_aranges
                0x00000fd8       0x30 ./Src/usart.o
 .debug_aranges
                0x00001008       0x20 ./Src/wheels.o
 .debug_aranges
                0x00001028       0x28 ./Startup/startup_stm32f103rbtx.o

.debug_rnglists
                0x00000000      0xc42
 .debug_rnglists
                0x00000000       0x85 ./Drivers/STM32F1xx_HAL_Driver/Src/stm32f1xx_hal.o
 .debug_rnglists
                0x00000085       0xba ./Drivers/STM32F1xx_HAL_Driver/Src/stm32f1xx_hal_adc.o
 .debug_rnglists
                0x0000013f       0x8a ./Drivers/STM32F1xx_HAL_Driver/Src/stm32f1xx_hal_can.o
 .debug_rnglists
                0x000001c9       0xbb ./Drivers/STM32F1xx_HAL_Driver/Src/stm32f1xx_hal_cortex.o
 .debug_rnglists
                0x00000284       0x64 ./Drivers/STM32F1xx_HAL_Driver/Src/stm32f1xx_hal_dma.o
 .debug_rnglists
                0x000002e8       0x66 ./Drivers/STM32F1xx_HAL_Driver/Src/stm32f1xx_hal_flash.o
 .debug_rnglists
                0x0000034e       0x74 ./Drivers/STM32F1xx_HAL_Driver/Src/stm32f1xx_hal_flash_ex.o
 .debug_rnglists
                0x000003c2       0x3f ./Drivers/STM32F1xx_HAL_Driver/Src/stm32f1xx_hal_gpio.o
 .debug_rnglists
                0x00000401       0x6b ./Drivers/STM32F1xx_HAL_Driver/Src/stm32f1xx_hal_rcc.o
 .debug_rnglists
                0x0000046c       0x21 ./Drivers/STM32F1xx_HAL_Driver/Src/stm32f1xx_hal_rcc_ex.o
 .debug_rnglists
                0x0000048d      0x2b5 ./Drivers/STM32F1xx_HAL_Driver/Src/stm32f1xx_hal_tim.o
 .debug_rnglists
                0x00000742       0xf8 ./Drivers/STM32F1xx_HAL_Driver/Src/stm32f1xx_hal_tim_ex.o
 .debug_rnglists
                0x0000083a      0x16e ./Drivers/STM32F1xx_HAL_Driver/Src/stm32f1xx_hal_uart.o
 .debug_rnglists
                0x000009a8       0x3f ./Src/FLASH_PAGE_F1.o
 .debug_rnglists
                0x000009e7       0x21 ./Src/adc.o
 .debug_rnglists
                0x00000a08       0x1a ./Src/calibrate.o
 .debug_rnglists
                0x00000a22       0x40 ./Src/can.o
 .debug_rnglists
                0x00000a62       0x13 ./Src/control.o
 .debug_rnglists
                0x00000a75       0x13 ./Src/dma.o
 .debug_rnglists
                0x00000a88       0x14 ./Src/gpio.o
 .debug_rnglists
                0x00000a9c       0x3a ./Src/main.o
 .debug_rnglists
                0x00000ad6       0x19 ./Src/power.o
 .debug_rnglists
                0x00000aef       0x2e ./Src/steering.o
 .debug_rnglists
                0x00000b1d       0x14 ./Src/stm32f1xx_hal_msp.o
 .debug_rnglists
                0x00000b31       0x44 ./Src/stm32f1xx_it.o
 .debug_rnglists
                0x00000b75       0x1a ./Src/system_stm32f1xx.o
 .debug_rnglists
                0x00000b8f       0x48 ./Src/tim.o
 .debug_rnglists
                0x00000bd7       0x1f ./Src/timer.o
 .debug_rnglists
                0x00000bf6       0x1f ./Src/usart.o
 .debug_rnglists
                0x00000c15       0x14 ./Src/wheels.o
 .debug_rnglists
                0x00000c29       0x19 ./Startup/startup_stm32f103rbtx.o

.debug_macro    0x00000000    0x19239
 .debug_macro   0x00000000      0x2c6 ./Drivers/STM32F1xx_HAL_Driver/Src/stm32f1xx_hal.o
 .debug_macro   0x000002c6      0xae4 ./Drivers/STM32F1xx_HAL_Driver/Src/stm32f1xx_hal.o
 .debug_macro   0x00000daa       0xca ./Drivers/STM32F1xx_HAL_Driver/Src/stm32f1xx_hal.o
 .debug_macro   0x00000e74      0x16f ./Drivers/STM32F1xx_HAL_Driver/Src/stm32f1xx_hal.o
 .debug_macro   0x00000fe3       0x28 ./Drivers/STM32F1xx_HAL_Driver/Src/stm32f1xx_hal.o
 .debug_macro   0x0000100b       0x22 ./Drivers/STM32F1xx_HAL_Driver/Src/stm32f1xx_hal.o
 .debug_macro   0x0000102d       0x22 ./Drivers/STM32F1xx_HAL_Driver/Src/stm32f1xx_hal.o
 .debug_macro   0x0000104f       0x8e ./Drivers/STM32F1xx_HAL_Driver/Src/stm32f1xx_hal.o
 .debug_macro   0x000010dd       0x51 ./Drivers/STM32F1xx_HAL_Driver/Src/stm32f1xx_hal.o
 .debug_macro   0x0000112e      0x103 ./Drivers/STM32F1xx_HAL_Driver/Src/stm32f1xx_hal.o
 .debug_macro   0x00001231       0x6a ./Drivers/STM32F1xx_HAL_Driver/Src/stm32f1xx_hal.o
 .debug_macro   0x0000129b      0x1df ./Drivers/STM32F1xx_HAL_Driver/Src/stm32f1xx_hal.o
 .debug_macro   0x0000147a       0x34 ./Drivers/STM32F1xx_HAL_Driver/Src/stm32f1xx_hal.o
 .debug_macro   0x000014ae       0x34 ./Drivers/STM32F1xx_HAL_Driver/Src/stm32f1xx_hal.o
 .debug_macro   0x000014e2      0xb8e ./Drivers/STM32F1xx_HAL_Driver/Src/stm32f1xx_hal.o
 .debug_macro   0x00002070     0xe90a ./Drivers/STM32F1xx_HAL_Driver/Src/stm32f1xx_hal.o
 .debug_macro   0x0001097a       0x43 ./Drivers/STM32F1xx_HAL_Driver/Src/stm32f1xx_hal.o
 .debug_macro   0x000109bd       0x61 ./Drivers/STM32F1xx_HAL_Driver/Src/stm32f1xx_hal.o
 .debug_macro   0x00010a1e       0x24 ./Drivers/STM32F1xx_HAL_Driver/Src/stm32f1xx_hal.o
 .debug_macro   0x00010a42       0x43 ./Drivers/STM32F1xx_HAL_Driver/Src/stm32f1xx_hal.o
 .debug_macro   0x00010a85       0x34 ./Drivers/STM32F1xx_HAL_Driver/Src/stm32f1xx_hal.o
 .debug_macro   0x00010ab9       0x16 ./Drivers/STM32F1xx_HAL_Driver/Src/stm32f1xx_hal.o
 .debug_macro   0x00010acf       0x9e ./Drivers/STM32F1xx_HAL_Driver/Src/stm32f1xx_hal.o
 .debug_macro   0x00010b6d      0x370 ./Drivers/STM32F1xx_HAL_Driver/Src/stm32f1xx_hal.o
 .debug_macro   0x00010edd      0x112 ./Drivers/STM32F1xx_HAL_Driver/Src/stm32f1xx_hal.o
 .debug_macro   0x00010fef       0x10 ./Drivers/STM32F1xx_HAL_Driver/Src/stm32f1xx_hal.o
 .debug_macro   0x00010fff       0x16 ./Drivers/STM32F1xx_HAL_Driver/Src/stm32f1xx_hal.o
 .debug_macro   0x00011015       0x4a ./Drivers/STM32F1xx_HAL_Driver/Src/stm32f1xx_hal.o
 .debug_macro   0x0001105f       0x34 ./Drivers/STM32F1xx_HAL_Driver/Src/stm32f1xx_hal.o
 .debug_macro   0x00011093       0x10 ./Drivers/STM32F1xx_HAL_Driver/Src/stm32f1xx_hal.o
 .debug_macro   0x000110a3       0x58 ./Drivers/STM32F1xx_HAL_Driver/Src/stm32f1xx_hal.o
 .debug_macro   0x000110fb       0x8e ./Drivers/STM32F1xx_HAL_Driver/Src/stm32f1xx_hal.o
 .debug_macro   0x00011189       0x1c ./Drivers/STM32F1xx_HAL_Driver/Src/stm32f1xx_hal.o
 .debug_macro   0x000111a5      0x185 ./Drivers/STM32F1xx_HAL_Driver/Src/stm32f1xx_hal.o
 .debug_macro   0x0001132a       0x16 ./Drivers/STM32F1xx_HAL_Driver/Src/stm32f1xx_hal.o
 .debug_macro   0x00011340       0x16 ./Drivers/STM32F1xx_HAL_Driver/Src/stm32f1xx_hal.o
 .debug_macro   0x00011356      0x146 ./Drivers/STM32F1xx_HAL_Driver/Src/stm32f1xx_hal.o
 .debug_macro   0x0001149c       0x57 ./Drivers/STM32F1xx_HAL_Driver/Src/stm32f1xx_hal.o
 .debug_macro   0x000114f3      0x5c2 ./Drivers/STM32F1xx_HAL_Driver/Src/stm32f1xx_hal.o
 .debug_macro   0x00011ab5      0x28b ./Drivers/STM32F1xx_HAL_Driver/Src/stm32f1xx_hal.o
 .debug_macro   0x00011d40      0x1cb ./Drivers/STM32F1xx_HAL_Driver/Src/stm32f1xx_hal.o
 .debug_macro   0x00011f0b      0x11e ./Drivers/STM32F1xx_HAL_Driver/Src/stm32f1xx_hal.o
 .debug_macro   0x00012029      0x197 ./Drivers/STM32F1xx_HAL_Driver/Src/stm32f1xx_hal.o
 .debug_macro   0x000121c0       0x27 ./Drivers/STM32F1xx_HAL_Driver/Src/stm32f1xx_hal.o
 .debug_macro   0x000121e7      0x1bc ./Drivers/STM32F1xx_HAL_Driver/Src/stm32f1xx_hal.o
 .debug_macro   0x000123a3       0x34 ./Drivers/STM32F1xx_HAL_Driver/Src/stm32f1xx_hal.o
 .debug_macro   0x000123d7       0x3c ./Drivers/STM32F1xx_HAL_Driver/Src/stm32f1xx_hal.o
 .debug_macro   0x00012413      0x3a6 ./Drivers/STM32F1xx_HAL_Driver/Src/stm32f1xx_hal.o
 .debug_macro   0x000127b9       0x10 ./Drivers/STM32F1xx_HAL_Driver/Src/stm32f1xx_hal.o
 .debug_macro   0x000127c9       0x74 ./Drivers/STM32F1xx_HAL_Driver/Src/stm32f1xx_hal.o
 .debug_macro   0x0001283d       0x57 ./Drivers/STM32F1xx_HAL_Driver/Src/stm32f1xx_hal.o
 .debug_macro   0x00012894      0x46a ./Drivers/STM32F1xx_HAL_Driver/Src/stm32f1xx_hal.o
 .debug_macro   0x00012cfe      0x1b5 ./Drivers/STM32F1xx_HAL_Driver/Src/stm32f1xx_hal.o
 .debug_macro   0x00012eb3       0x8c ./Drivers/STM32F1xx_HAL_Driver/Src/stm32f1xx_hal.o
 .debug_macro   0x00012f3f      0x242 ./Drivers/STM32F1xx_HAL_Driver/Src/stm32f1xx_hal.o
 .debug_macro   0x00013181      0x143 ./Drivers/STM32F1xx_HAL_Driver/Src/stm32f1xx_hal.o
 .debug_macro   0x000132c4      0x84c ./Drivers/STM32F1xx_HAL_Driver/Src/stm32f1xx_hal.o
 .debug_macro   0x00013b10       0x1f ./Drivers/STM32F1xx_HAL_Driver/Src/stm32f1xx_hal.o
 .debug_macro   0x00013b2f      0x26b ./Drivers/STM32F1xx_HAL_Driver/Src/stm32f1xx_hal.o
 .debug_macro   0x00013d9a       0x7c ./Drivers/STM32F1xx_HAL_Driver/Src/stm32f1xx_hal.o
 .debug_macro   0x00013e16      0x2bf ./Drivers/STM32F1xx_HAL_Driver/Src/stm32f1xx_hal_adc.o
 .debug_macro   0x000140d5      0x2a9 ./Drivers/STM32F1xx_HAL_Driver/Src/stm32f1xx_hal_can.o
 .debug_macro   0x0001437e      0x2a2 ./Drivers/STM32F1xx_HAL_Driver/Src/stm32f1xx_hal_cortex.o
 .debug_macro   0x00014620      0x2a2 ./Drivers/STM32F1xx_HAL_Driver/Src/stm32f1xx_hal_dma.o
 .debug_macro   0x000148c2      0x2a2 ./Drivers/STM32F1xx_HAL_Driver/Src/stm32f1xx_hal_flash.o
 .debug_macro   0x00014b64      0x2b4 ./Drivers/STM32F1xx_HAL_Driver/Src/stm32f1xx_hal_flash_ex.o
 .debug_macro   0x00014e18      0x312 ./Drivers/STM32F1xx_HAL_Driver/Src/stm32f1xx_hal_gpio.o
 .debug_macro   0x0001512a      0x2b4 ./Drivers/STM32F1xx_HAL_Driver/Src/stm32f1xx_hal_rcc.o
 .debug_macro   0x000153de      0x2a2 ./Drivers/STM32F1xx_HAL_Driver/Src/stm32f1xx_hal_rcc_ex.o
 .debug_macro   0x00015680      0x2a3 ./Drivers/STM32F1xx_HAL_Driver/Src/stm32f1xx_hal_tim.o
 .debug_macro   0x00015923      0x2a2 ./Drivers/STM32F1xx_HAL_Driver/Src/stm32f1xx_hal_tim_ex.o
 .debug_macro   0x00015bc5      0x2a3 ./Drivers/STM32F1xx_HAL_Driver/Src/stm32f1xx_hal_uart.o
 .debug_macro   0x00015e68      0x2dc ./Src/FLASH_PAGE_F1.o
 .debug_macro   0x00016144       0x16 ./Src/FLASH_PAGE_F1.o
 .debug_macro   0x0001615a       0x3c ./Src/FLASH_PAGE_F1.o
 .debug_macro   0x00016196       0x20 ./Src/FLASH_PAGE_F1.o
 .debug_macro   0x000161b6      0x2c0 ./Src/adc.o
 .debug_macro   0x00016476      0x33c ./Src/calibrate.o
 .debug_macro   0x000167b2       0x16 ./Src/calibrate.o
 .debug_macro   0x000167c8       0x16 ./Src/calibrate.o
 .debug_macro   0x000167de       0x29 ./Src/calibrate.o
 .debug_macro   0x00016807      0x19b ./Src/calibrate.o
 .debug_macro   0x000169a2       0x58 ./Src/calibrate.o
 .debug_macro   0x000169fa       0x5e ./Src/calibrate.o
 .debug_macro   0x00016a58       0x16 ./Src/calibrate.o
 .debug_macro   0x00016a6e       0x10 ./Src/calibrate.o
 .debug_macro   0x00016a7e       0x10 ./Src/calibrate.o
 .debug_macro   0x00016a8e      0x2bb ./Src/can.o
 .debug_macro   0x00016d49       0x58 ./Src/can.o
 .debug_macro   0x00016da1      0x324 ./Src/control.o
 .debug_macro   0x000170c5      0x2ac ./Src/dma.o
 .debug_macro   0x00017371      0x2ac ./Src/gpio.o
 .debug_macro   0x0001761d      0x388 ./Src/main.o
 .debug_macro   0x000179a5      0x2ac ./Src/power.o
 .debug_macro   0x00017c51      0x302 ./Src/steering.o
 .debug_macro   0x00017f53      0x2a2 ./Src/stm32f1xx_hal_msp.o
 .debug_macro   0x000181f5      0x2b0 ./Src/stm32f1xx_it.o
 .debug_macro   0x000184a5      0x2a8 ./Src/system_stm32f1xx.o
 .debug_macro   0x0001874d      0x2b6 ./Src/tim.o
 .debug_macro   0x00018a03      0x2bf ./Src/timer.o
 .debug_macro   0x00018cc2      0x2b6 ./Src/usart.o
 .debug_macro   0x00018f78      0x2b1 ./Src/wheels.o
 .debug_macro   0x00019229       0x10 ./Src/wheels.o

.debug_line     0x00000000    0x17824
 .debug_line    0x00000000      0xa79 ./Drivers/STM32F1xx_HAL_Driver/Src/stm32f1xx_hal.o
 .debug_line    0x00000a79     0x10ff ./Drivers/STM32F1xx_HAL_Driver/Src/stm32f1xx_hal_adc.o
 .debug_line    0x00001b78     0x14c7 ./Drivers/STM32F1xx_HAL_Driver/Src/stm32f1xx_hal_can.o
 .debug_line    0x0000303f      0xcaf ./Drivers/STM32F1xx_HAL_Driver/Src/stm32f1xx_hal_cortex.o
 .debug_line    0x00003cee      0xf06 ./Drivers/STM32F1xx_HAL_Driver/Src/stm32f1xx_hal_dma.o
 .debug_line    0x00004bf4      0xbcc ./Drivers/STM32F1xx_HAL_Driver/Src/stm32f1xx_hal_flash.o
 .debug_line    0x000057c0      0xce3 ./Drivers/STM32F1xx_HAL_Driver/Src/stm32f1xx_hal_flash_ex.o
 .debug_line    0x000064a3      0xb53 ./Drivers/STM32F1xx_HAL_Driver/Src/stm32f1xx_hal_gpio.o
 .debug_line    0x00006ff6      0xf13 ./Drivers/STM32F1xx_HAL_Driver/Src/stm32f1xx_hal_rcc.o
 .debug_line    0x00007f09      0xa71 ./Drivers/STM32F1xx_HAL_Driver/Src/stm32f1xx_hal_rcc_ex.o
 .debug_line    0x0000897a     0x2660 ./Drivers/STM32F1xx_HAL_Driver/Src/stm32f1xx_hal_tim.o
 .debug_line    0x0000afda     0x11b8 ./Drivers/STM32F1xx_HAL_Driver/Src/stm32f1xx_hal_tim_ex.o
 .debug_line    0x0000c192     0x1761 ./Drivers/STM32F1xx_HAL_Driver/Src/stm32f1xx_hal_uart.o
 .debug_line    0x0000d8f3      0xa69 ./Src/FLASH_PAGE_F1.o
 .debug_line    0x0000e35c      0x952 ./Src/adc.o
 .debug_line    0x0000ecae      0x987 ./Src/calibrate.o
 .debug_line    0x0000f635      0xa2c ./Src/can.o
 .debug_line    0x00010061      0x8c8 ./Src/control.o
 .debug_line    0x00010929      0x849 ./Src/dma.o
 .debug_line    0x00011172      0x892 ./Src/gpio.o
 .debug_line    0x00011a04      0xbd2 ./Src/main.o
 .debug_line    0x000125d6      0x862 ./Src/power.o
 .debug_line    0x00012e38      0x9e6 ./Src/steering.o
 .debug_line    0x0001381e      0x855 ./Src/stm32f1xx_hal_msp.o
 .debug_line    0x00014073      0x93b ./Src/stm32f1xx_it.o
 .debug_line    0x000149ae      0x904 ./Src/system_stm32f1xx.o
 .debug_line    0x000152b2      0xb15 ./Src/tim.o
 .debug_line    0x00015dc7      0x893 ./Src/timer.o
 .debug_line    0x0001665a      0x8bc ./Src/usart.o
 .debug_line    0x00016f16      0x893 ./Src/wheels.o
 .debug_line    0x000177a9       0x7b ./Startup/startup_stm32f103rbtx.o

.debug_str      0x00000000    0x7acec
 .debug_str     0x00000000    0x7acec ./Drivers/STM32F1xx_HAL_Driver/Src/stm32f1xx_hal.o
                              0x75ffc (size before relaxing)
 .debug_str     0x0007acec        0x0 ./Drivers/STM32F1xx_HAL_Driver/Src/stm32f1xx_hal_adc.o
                              0x76061 (size before relaxing)
 .debug_str     0x0007acec        0x0 ./Drivers/STM32F1xx_HAL_Driver/Src/stm32f1xx_hal_can.o
                              0x75efb (size before relaxing)
 .debug_str     0x0007acec        0x0 ./Drivers/STM32F1xx_HAL_Driver/Src/stm32f1xx_hal_cortex.o
                              0x76011 (size before relaxing)
 .debug_str     0x0007acec        0x0 ./Drivers/STM32F1xx_HAL_Driver/Src/stm32f1xx_hal_dma.o
                              0x75d51 (size before relaxing)
 .debug_str     0x0007acec        0x0 ./Drivers/STM32F1xx_HAL_Driver/Src/stm32f1xx_hal_flash.o
                              0x75c83 (size before relaxing)
 .debug_str     0x0007acec        0x0 ./Drivers/STM32F1xx_HAL_Driver/Src/stm32f1xx_hal_flash_ex.o
                              0x75e31 (size before relaxing)
 .debug_str     0x0007acec        0x0 ./Drivers/STM32F1xx_HAL_Driver/Src/stm32f1xx_hal_gpio.o
                              0x75d34 (size before relaxing)
 .debug_str     0x0007acec        0x0 ./Drivers/STM32F1xx_HAL_Driver/Src/stm32f1xx_hal_rcc.o
                              0x75dc7 (size before relaxing)
 .debug_str     0x0007acec        0x0 ./Drivers/STM32F1xx_HAL_Driver/Src/stm32f1xx_hal_rcc_ex.o
                              0x75b27 (size before relaxing)
 .debug_str     0x0007acec        0x0 ./Drivers/STM32F1xx_HAL_Driver/Src/stm32f1xx_hal_tim.o
                              0x76aa2 (size before relaxing)
 .debug_str     0x0007acec        0x0 ./Drivers/STM32F1xx_HAL_Driver/Src/stm32f1xx_hal_tim_ex.o
                              0x76361 (size before relaxing)
 .debug_str     0x0007acec        0x0 ./Drivers/STM32F1xx_HAL_Driver/Src/stm32f1xx_hal_uart.o
                              0x762b4 (size before relaxing)
 .debug_str     0x0007acec        0x0 ./Src/FLASH_PAGE_F1.o
                              0x75bdb (size before relaxing)
 .debug_str     0x0007acec        0x0 ./Src/adc.o
                              0x75d9f (size before relaxing)
 .debug_str     0x0007acec        0x0 ./Src/calibrate.o
                              0x76740 (size before relaxing)
 .debug_str     0x0007acec        0x0 ./Src/can.o
                              0x76383 (size before relaxing)
 .debug_str     0x0007acec        0x0 ./Src/control.o
                              0x7649f (size before relaxing)
 .debug_str     0x0007acec        0x0 ./Src/dma.o
                              0x75c42 (size before relaxing)
 .debug_str     0x0007acec        0x0 ./Src/gpio.o
                              0x75ceb (size before relaxing)
 .debug_str     0x0007acec        0x0 ./Src/main.o
                              0x776ce (size before relaxing)
 .debug_str     0x0007acec        0x0 ./Src/power.o
                              0x75970 (size before relaxing)
 .debug_str     0x0007acec        0x0 ./Src/steering.o
                              0x765cf (size before relaxing)
 .debug_str     0x0007acec        0x0 ./Src/stm32f1xx_hal_msp.o
                              0x75c7f (size before relaxing)
 .debug_str     0x0007acec        0x0 ./Src/stm32f1xx_it.o
                              0x76105 (size before relaxing)
 .debug_str     0x0007acec        0x0 ./Src/system_stm32f1xx.o
                              0x75a15 (size before relaxing)
 .debug_str     0x0007acec        0x0 ./Src/tim.o
                              0x76479 (size before relaxing)
 .debug_str     0x0007acec        0x0 ./Src/timer.o
                              0x761af (size before relaxing)
 .debug_str     0x0007acec        0x0 ./Src/usart.o
                              0x75dd5 (size before relaxing)
 .debug_str     0x0007acec        0x0 ./Src/wheels.o
                              0x759ff (size before relaxing)
 .debug_str     0x0007acec        0x0 ./Startup/startup_stm32f103rbtx.o
                                 0x84 (size before relaxing)

.comment        0x00000000       0x43
 .comment       0x00000000       0x43 ./Drivers/STM32F1xx_HAL_Driver/Src/stm32f1xx_hal.o
                                 0x44 (size before relaxing)
 .comment       0x00000043        0x0 ./Drivers/STM32F1xx_HAL_Driver/Src/stm32f1xx_hal_adc.o
                                 0x44 (size before relaxing)
 .comment       0x00000043        0x0 ./Drivers/STM32F1xx_HAL_Driver/Src/stm32f1xx_hal_can.o
                                 0x44 (size before relaxing)
 .comment       0x00000043        0x0 ./Drivers/STM32F1xx_HAL_Driver/Src/stm32f1xx_hal_cortex.o
                                 0x44 (size before relaxing)
 .comment       0x00000043        0x0 ./Drivers/STM32F1xx_HAL_Driver/Src/stm32f1xx_hal_dma.o
                                 0x44 (size before relaxing)
 .comment       0x00000043        0x0 ./Drivers/STM32F1xx_HAL_Driver/Src/stm32f1xx_hal_flash.o
                                 0x44 (size before relaxing)
 .comment       0x00000043        0x0 ./Drivers/STM32F1xx_HAL_Driver/Src/stm32f1xx_hal_flash_ex.o
                                 0x44 (size before relaxing)
 .comment       0x00000043        0x0 ./Drivers/STM32F1xx_HAL_Driver/Src/stm32f1xx_hal_gpio.o
                                 0x44 (size before relaxing)
 .comment       0x00000043        0x0 ./Drivers/STM32F1xx_HAL_Driver/Src/stm32f1xx_hal_rcc.o
                                 0x44 (size before relaxing)
 .comment       0x00000043        0x0 ./Drivers/STM32F1xx_HAL_Driver/Src/stm32f1xx_hal_rcc_ex.o
                                 0x44 (size before relaxing)
 .comment       0x00000043        0x0 ./Drivers/STM32F1xx_HAL_Driver/Src/stm32f1xx_hal_tim.o
                                 0x44 (size before relaxing)
 .comment       0x00000043        0x0 ./Drivers/STM32F1xx_HAL_Driver/Src/stm32f1xx_hal_tim_ex.o
                                 0x44 (size before relaxing)
 .comment       0x00000043        0x0 ./Drivers/STM32F1xx_HAL_Driver/Src/stm32f1xx_hal_uart.o
                                 0x44 (size before relaxing)
 .comment       0x00000043        0x0 ./Src/FLASH_PAGE_F1.o
                                 0x44 (size before relaxing)
 .comment       0x00000043        0x0 ./Src/adc.o
                                 0x44 (size before relaxing)
 .comment       0x00000043        0x0 ./Src/calibrate.o
                                 0x44 (size before relaxing)
 .comment       0x00000043        0x0 ./Src/can.o
                                 0x44 (size before relaxing)
 .comment       0x00000043        0x0 ./Src/control.o
                                 0x44 (size before relaxing)
 .comment       0x00000043        0x0 ./Src/dma.o
                                 0x44 (size before relaxing)
 .comment       0x00000043        0x0 ./Src/gpio.o
                                 0x44 (size before relaxing)
 .comment       0x00000043        0x0 ./Src/main.o
                                 0x44 (size before relaxing)
 .comment       0x00000043        0x0 ./Src/power.o
                                 0x44 (size before relaxing)
 .comment       0x00000043        0x0 ./Src/steering.o
                                 0x44 (size before relaxing)
 .comment       0x00000043        0x0 ./Src/stm32f1xx_hal_msp.o
                                 0x44 (size before relaxing)
 .comment       0x00000043        0x0 ./Src/stm32f1xx_it.o
                                 0x44 (size before relaxing)
 .comment       0x00000043        0x0 ./Src/system_stm32f1xx.o
                                 0x44 (size before relaxing)
 .comment       0x00000043        0x0 ./Src/tim.o
                                 0x44 (size before relaxing)
 .comment       0x00000043        0x0 ./Src/timer.o
                                 0x44 (size before relaxing)
 .comment       0x00000043        0x0 ./Src/usart.o
                                 0x44 (size before relaxing)
 .comment       0x00000043        0x0 ./Src/wheels.o
                                 0x44 (size before relaxing)

.debug_frame    0x00000000     0x4270
 .debug_frame   0x00000000      0x298 ./Drivers/STM32F1xx_HAL_Driver/Src/stm32f1xx_hal.o
 .debug_frame   0x00000298      0x40c ./Drivers/STM32F1xx_HAL_Driver/Src/stm32f1xx_hal_adc.o
 .debug_frame   0x000006a4      0x2f4 ./Drivers/STM32F1xx_HAL_Driver/Src/stm32f1xx_hal_can.o
 .debug_frame   0x00000998      0x428 ./Drivers/STM32F1xx_HAL_Driver/Src/stm32f1xx_hal_cortex.o
 .debug_frame   0x00000dc0      0x208 ./Drivers/STM32F1xx_HAL_Driver/Src/stm32f1xx_hal_dma.o
 .debug_frame   0x00000fc8      0x204 ./Drivers/STM32F1xx_HAL_Driver/Src/stm32f1xx_hal_flash.o
 .debug_frame   0x000011cc      0x258 ./Drivers/STM32F1xx_HAL_Driver/Src/stm32f1xx_hal_flash_ex.o
 .debug_frame   0x00001424      0x14c ./Drivers/STM32F1xx_HAL_Driver/Src/stm32f1xx_hal_gpio.o
 .debug_frame   0x00001570      0x218 ./Drivers/STM32F1xx_HAL_Driver/Src/stm32f1xx_hal_rcc.o
 .debug_frame   0x00001788       0x84 ./Drivers/STM32F1xx_HAL_Driver/Src/stm32f1xx_hal_rcc_ex.o
 .debug_frame   0x0000180c      0xfb4 ./Drivers/STM32F1xx_HAL_Driver/Src/stm32f1xx_hal_tim.o
 .debug_frame   0x000027c0      0x54c ./Drivers/STM32F1xx_HAL_Driver/Src/stm32f1xx_hal_tim_ex.o
 .debug_frame   0x00002d0c      0x83c ./Drivers/STM32F1xx_HAL_Driver/Src/stm32f1xx_hal_uart.o
 .debug_frame   0x00003548      0x148 ./Src/FLASH_PAGE_F1.o
 .debug_frame   0x00003690       0x7c ./Src/adc.o
 .debug_frame   0x0000370c       0x50 ./Src/calibrate.o
 .debug_frame   0x0000375c      0x130 ./Src/can.o
 .debug_frame   0x0000388c       0x34 ./Src/control.o
 .debug_frame   0x000038c0       0x34 ./Src/dma.o
 .debug_frame   0x000038f4       0x34 ./Src/gpio.o
 .debug_frame   0x00003928      0x110 ./Src/main.o
 .debug_frame   0x00003a38       0x48 ./Src/power.o
 .debug_frame   0x00003a80       0xb4 ./Src/steering.o
 .debug_frame   0x00003b34       0x34 ./Src/stm32f1xx_hal_msp.o
 .debug_frame   0x00003b68      0x114 ./Src/stm32f1xx_it.o
 .debug_frame   0x00003c7c       0x58 ./Src/system_stm32f1xx.o
 .debug_frame   0x00003cd4      0x154 ./Src/tim.o
 .debug_frame   0x00003e28       0x84 ./Src/timer.o
 .debug_frame   0x00003eac       0x74 ./Src/usart.o
 .debug_frame   0x00003f20       0x34 ./Src/wheels.o
 .debug_frame   0x00003f54       0x2c C:/ST/STM32CubeIDE_2.0.0/STM32CubeIDE/plugins/com.st.stm32cube.ide.mcu.externaltools.gnu-tools-for-stm32.13.3.rel1.win32_1.0.100.202509120712/tools/bin/../lib/gcc/arm-none-eabi/13.3.1/../../../../arm-none-eabi/lib/thumb/v7-m/nofp\libc_nano.a(libc_a-init.o)
 .debug_frame   0x00003f80       0xac C:/ST/STM32CubeIDE_2.0.0/STM32CubeIDE/plugins/com.st.stm32cube.ide.mcu.externaltools.gnu-tools-for-stm32.13.3.rel1.win32_1.0.100.202509120712/tools/bin/../lib/gcc/arm-none-eabi/13.3.1/thumb/v7-m/nofp\libgcc.a(_arm_addsubdf3.o)
 .debug_frame   0x0000402c       0x50 C:/ST/STM32CubeIDE_2.0.0/STM32CubeIDE/plugins/com.st.stm32cube.ide.mcu.externaltools.gnu-tools-for-stm32.13.3.rel1.win32_1.0.100.202509120712/tools/bin/../lib/gcc/arm-none-eabi/13.3.1/thumb/v7-m/nofp\libgcc.a(_arm_muldivdf3.o)
 .debug_frame   0x0000407c       0x24 C:/ST/STM32CubeIDE_2.0.0/STM32CubeIDE/plugins/com.st.stm32cube.ide.mcu.externaltools.gnu-tools-for-stm32.13.3.rel1.win32_1.0.100.202509120712/tools/bin/../lib/gcc/arm-none-eabi/13.3.1/thumb/v7-m/nofp\libgcc.a(_arm_fixdfsi.o)
 .debug_frame   0x000040a0       0x4c C:/ST/STM32CubeIDE_2.0.0/STM32CubeIDE/plugins/com.st.stm32cube.ide.mcu.externaltools.gnu-tools-for-stm32.13.3.rel1.win32_1.0.100.202509120712/tools/bin/../lib/gcc/arm-none-eabi/13.3.1/thumb/v7-m/nofp\libgcc.a(_arm_addsubsf3.o)
 .debug_frame   0x000040ec       0x38 C:/ST/STM32CubeIDE_2.0.0/STM32CubeIDE/plugins/com.st.stm32cube.ide.mcu.externaltools.gnu-tools-for-stm32.13.3.rel1.win32_1.0.100.202509120712/tools/bin/../lib/gcc/arm-none-eabi/13.3.1/thumb/v7-m/nofp\libgcc.a(_arm_muldivsf3.o)
 .debug_frame   0x00004124       0xc8 C:/ST/STM32CubeIDE_2.0.0/STM32CubeIDE/plugins/com.st.stm32cube.ide.mcu.externaltools.gnu-tools-for-stm32.13.3.rel1.win32_1.0.100.202509120712/tools/bin/../lib/gcc/arm-none-eabi/13.3.1/thumb/v7-m/nofp\libgcc.a(_arm_cmpsf2.o)